Archive member included to satisfy reference by file (symbol)

/opt/st/stm32cubeide_2.2.0/plugins/com.st.stm32cube.ide.mcu.externaltools.gnu-tools-for-stm32.14.3.rel1.linux64_1.0.100.202602081740/tools/bin/../lib/gcc/arm-none-eabi/14.3.1/../../../../arm-none-eabi/lib/thumb/v7e-m+fp/hard/libc_nano.a(libc_a-exit.o)
                              /opt/st/stm32cubeide_2.2.0/plugins/com.st.stm32cube.ide.mcu.externaltools.gnu-tools-for-stm32.14.3.rel1.linux64_1.0.100.202602081740/tools/bin/../lib/gcc/arm-none-eabi/14.3.1/../../../../arm-none-eabi/lib/thumb/v7e-m+fp/hard/crt0.o (exit)
/opt/st/stm32cubeide_2.2.0/plugins/com.st.stm32cube.ide.mcu.externaltools.gnu-tools-for-stm32.14.3.rel1.linux64_1.0.100.202602081740/tools/bin/../lib/gcc/arm-none-eabi/14.3.1/../../../../arm-none-eabi/lib/thumb/v7e-m+fp/hard/libc_nano.a(libc_a-findfp.o)
                              /opt/st/stm32cubeide_2.2.0/plugins/com.st.stm32cube.ide.mcu.externaltools.gnu-tools-for-stm32.14.3.rel1.linux64_1.0.100.202602081740/tools/bin/../lib/gcc/arm-none-eabi/14.3.1/../../../../arm-none-eabi/lib/thumb/v7e-m+fp/hard/libc_nano.a(libc_a-exit.o) (__stdio_exit_handler)
/opt/st/stm32cubeide_2.2.0/plugins/com.st.stm32cube.ide.mcu.externaltools.gnu-tools-for-stm32.14.3.rel1.linux64_1.0.100.202602081740/tools/bin/../lib/gcc/arm-none-eabi/14.3.1/../../../../arm-none-eabi/lib/thumb/v7e-m+fp/hard/libc_nano.a(libc_a-fwalk.o)
                              /opt/st/stm32cubeide_2.2.0/plugins/com.st.stm32cube.ide.mcu.externaltools.gnu-tools-for-stm32.14.3.rel1.linux64_1.0.100.202602081740/tools/bin/../lib/gcc/arm-none-eabi/14.3.1/../../../../arm-none-eabi/lib/thumb/v7e-m+fp/hard/libc_nano.a(libc_a-findfp.o) (_fwalk_sglue)
/opt/st/stm32cubeide_2.2.0/plugins/com.st.stm32cube.ide.mcu.externaltools.gnu-tools-for-stm32.14.3.rel1.linux64_1.0.100.202602081740/tools/bin/../lib/gcc/arm-none-eabi/14.3.1/../../../../arm-none-eabi/lib/thumb/v7e-m+fp/hard/libc_nano.a(libc_a-snprintf.o)
                              ./Core/Src/cli.o (snprintf)
/opt/st/stm32cubeide_2.2.0/plugins/com.st.stm32cube.ide.mcu.externaltools.gnu-tools-for-stm32.14.3.rel1.linux64_1.0.100.202602081740/tools/bin/../lib/gcc/arm-none-eabi/14.3.1/../../../../arm-none-eabi/lib/thumb/v7e-m+fp/hard/libc_nano.a(libc_a-stdio.o)
                              /opt/st/stm32cubeide_2.2.0/plugins/com.st.stm32cube.ide.mcu.externaltools.gnu-tools-for-stm32.14.3.rel1.linux64_1.0.100.202602081740/tools/bin/../lib/gcc/arm-none-eabi/14.3.1/../../../../arm-none-eabi/lib/thumb/v7e-m+fp/hard/libc_nano.a(libc_a-findfp.o) (__sread)
/opt/st/stm32cubeide_2.2.0/plugins/com.st.stm32cube.ide.mcu.externaltools.gnu-tools-for-stm32.14.3.rel1.linux64_1.0.100.202602081740/tools/bin/../lib/gcc/arm-none-eabi/14.3.1/../../../../arm-none-eabi/lib/thumb/v7e-m+fp/hard/libc_nano.a(libc_a-memset.o)
                              /opt/st/stm32cubeide_2.2.0/plugins/com.st.stm32cube.ide.mcu.externaltools.gnu-tools-for-stm32.14.3.rel1.linux64_1.0.100.202602081740/tools/bin/../lib/gcc/arm-none-eabi/14.3.1/../../../../arm-none-eabi/lib/thumb/v7e-m+fp/hard/crt0.o (memset)
/opt/st/stm32cubeide_2.2.0/plugins/com.st.stm32cube.ide.mcu.externaltools.gnu-tools-for-stm32.14.3.rel1.linux64_1.0.100.202602081740/tools/bin/../lib/gcc/arm-none-eabi/14.3.1/../../../../arm-none-eabi/lib/thumb/v7e-m+fp/hard/libc_nano.a(libc_a-closer.o)
                              /opt/st/stm32cubeide_2.2.0/plugins/com.st.stm32cube.ide.mcu.externaltools.gnu-tools-for-stm32.14.3.rel1.linux64_1.0.100.202602081740/tools/bin/../lib/gcc/arm-none-eabi/14.3.1/../../../../arm-none-eabi/lib/thumb/v7e-m+fp/hard/libc_nano.a(libc_a-stdio.o) (_close_r)
/opt/st/stm32cubeide_2.2.0/plugins/com.st.stm32cube.ide.mcu.externaltools.gnu-tools-for-stm32.14.3.rel1.linux64_1.0.100.202602081740/tools/bin/../lib/gcc/arm-none-eabi/14.3.1/../../../../arm-none-eabi/lib/thumb/v7e-m+fp/hard/libc_nano.a(libc_a-reent.o)
                              /opt/st/stm32cubeide_2.2.0/plugins/com.st.stm32cube.ide.mcu.externaltools.gnu-tools-for-stm32.14.3.rel1.linux64_1.0.100.202602081740/tools/bin/../lib/gcc/arm-none-eabi/14.3.1/../../../../arm-none-eabi/lib/thumb/v7e-m+fp/hard/libc_nano.a(libc_a-closer.o) (errno)
/opt/st/stm32cubeide_2.2.0/plugins/com.st.stm32cube.ide.mcu.externaltools.gnu-tools-for-stm32.14.3.rel1.linux64_1.0.100.202602081740/tools/bin/../lib/gcc/arm-none-eabi/14.3.1/../../../../arm-none-eabi/lib/thumb/v7e-m+fp/hard/libc_nano.a(libc_a-impure.o)
                              /opt/st/stm32cubeide_2.2.0/plugins/com.st.stm32cube.ide.mcu.externaltools.gnu-tools-for-stm32.14.3.rel1.linux64_1.0.100.202602081740/tools/bin/../lib/gcc/arm-none-eabi/14.3.1/../../../../arm-none-eabi/lib/thumb/v7e-m+fp/hard/libc_nano.a(libc_a-snprintf.o) (_impure_ptr)
/opt/st/stm32cubeide_2.2.0/plugins/com.st.stm32cube.ide.mcu.externaltools.gnu-tools-for-stm32.14.3.rel1.linux64_1.0.100.202602081740/tools/bin/../lib/gcc/arm-none-eabi/14.3.1/../../../../arm-none-eabi/lib/thumb/v7e-m+fp/hard/libc_nano.a(libc_a-lseekr.o)
[...]
Memory Configuration

Name             Origin             Length             Attributes
RAM              0x20000000         0x00020000         xrw
RAM2             0x10000000         0x00008000         xrw
FLASH            0x08000000         0x00080000         xr
*default*        0x00000000         0xffffffff

Linker script and memory map

LOAD /opt/st/stm32cubeide_2.2.0/plugins/com.st.stm32cube.ide.mcu.externaltools.gnu-tools-for-stm32.14.3.rel1.linux64_1.0.100.202602081740/tools/bin/../lib/gcc/arm-none-eabi/14.3.1/thumb/v7e-m+fp/hard/crti.o
LOAD /opt/st/stm32cubeide_2.2.0/plugins/com.st.stm32cube.ide.mcu.externaltools.gnu-tools-for-stm32.14.3.rel1.linux64_1.0.100.202602081740/tools/bin/../lib/gcc/arm-none-eabi/14.3.1/thumb/v7e-m+fp/hard/crtbegin.o
LOAD /opt/st/stm32cubeide_2.2.0/plugins/com.st.stm32cube.ide.mcu.externaltools.gnu-tools-for-stm32.14.3.rel1.linux64_1.0.100.202602081740/tools/bin/../lib/gcc/arm-none-eabi/14.3.1/../../../../arm-none-eabi/lib/thumb/v7e-m+fp/hard/crt0.o
LOAD ./Core/Src/adc.o
LOAD ./Core/Src/adc_monitor.o
LOAD ./Core/Src/cli.o
LOAD ./Core/Src/clock.o
LOAD ./Core/Src/dma.o
LOAD ./Core/Src/fault_logger.o
LOAD ./Core/Src/fault_manager.o
LOAD ./Core/Src/heartbeat_monitor.o
LOAD ./Core/Src/led.o
LOAD ./Core/Src/main.o
LOAD ./Core/Src/memory_monitor.o
LOAD ./Core/Src/peripheral_monitor.o
LOAD ./Core/Src/ram_test.o
LOAD ./Core/Src/reset_manager.o
LOAD ./Core/Src/stm32l4xx_hal_msp.o
LOAD ./Core/Src/stm32l4xx_it.o
LOAD ./Core/Src/syscalls.o
LOAD ./Core/Src/sysmem.o
LOAD ./Core/Src/system_stm32l4xx.o
LOAD ./Core/Src/system_time.o
LOAD ./Core/Src/usart.o
LOAD ./Core/Src/watchdog_manager.o
LOAD ./Core/Startup/startup_stm32l452retx.o
LOAD ./Drivers/STM32L4xx_HAL_Driver/Src/stm32l4xx_hal.o
LOAD ./Drivers/STM32L4xx_HAL_Driver/Src/stm32l4xx_hal_cortex.o
LOAD ./Drivers/STM32L4xx_HAL_Driver/Src/stm32l4xx_hal_dma.o
LOAD ./Drivers/STM32L4xx_HAL_Driver/Src/stm32l4xx_hal_dma_ex.o
LOAD ./Drivers/STM32L4xx_HAL_Driver/Src/stm32l4xx_hal_exti.o
LOAD ./Drivers/STM32L4xx_HAL_Driver/Src/stm32l4xx_hal_flash.o
LOAD ./Drivers/STM32L4xx_HAL_Driver/Src/stm32l4xx_hal_flash_ex.o
LOAD ./Drivers/STM32L4xx_HAL_Driver/Src/stm32l4xx_hal_flash_ramfunc.o
LOAD ./Drivers/STM32L4xx_HAL_Driver/Src/stm32l4xx_hal_gpio.o
LOAD ./Drivers/STM32L4xx_HAL_Driver/Src/stm32l4xx_hal_i2c.o
LOAD ./Drivers/STM32L4xx_HAL_Driver/Src/stm32l4xx_hal_i2c_ex.o
LOAD ./Drivers/STM32L4xx_HAL_Driver/Src/stm32l4xx_hal_pwr.o
LOAD ./Drivers/STM32L4xx_HAL_Driver/Src/stm32l4xx_hal_pwr_ex.o
LOAD ./Drivers/STM32L4xx_HAL_Driver/Src/stm32l4xx_hal_rcc.o
LOAD ./Drivers/STM32L4xx_HAL_Driver/Src/stm32l4xx_hal_rcc_ex.o
LOAD ./Drivers/STM32L4xx_HAL_Driver/Src/stm32l4xx_hal_uart.o
LOAD ./Drivers/STM32L4xx_HAL_Driver/Src/stm32l4xx_hal_uart_ex.o
START GROUP
LOAD /opt/st/stm32cubeide_2.2.0/plugins/com.st.stm32cube.ide.mcu.externaltools.gnu-tools-for-stm32.14.3.rel1.linux64_1.0.100.202602081740/tools/bin/../lib/gcc/arm-none-eabi/14.3.1/../../../../arm-none-eabi/lib/thumb/v7e-m+fp/hard/libc_nano.a
LOAD /opt/st/stm32cubeide_2.2.0/plugins/com.st.stm32cube.ide.mcu.externaltools.gnu-tools-for-stm32.14.3.rel1.linux64_1.0.100.202602081740/tools/bin/../lib/gcc/arm-none-eabi/14.3.1/../../../../arm-none-eabi/lib/thumb/v7e-m+fp/hard/libm.a
END GROUP
START GROUP
LOAD /opt/st/stm32cubeide_2.2.0/plugins/com.st.stm32cube.ide.mcu.externaltools.gnu-tools-for-stm32.14.3.rel1.linux64_1.0.100.202602081740/tools/bin/../lib/gcc/arm-none-eabi/14.3.1/thumb/v7e-m+fp/hard/libgcc.a
LOAD /opt/st/stm32cubeide_2.2.0/plugins/com.st.stm32cube.ide.mcu.externaltools.gnu-tools-for-stm32.14.3.rel1.linux64_1.0.100.202602081740/tools/bin/../lib/gcc/arm-none-eabi/14.3.1/../../../../arm-none-eabi/lib/thumb/v7e-m+fp/hard/libc_nano.a
END GROUP
START GROUP
LOAD /opt/st/stm32cubeide_2.2.0/plugins/com.st.stm32cube.ide.mcu.externaltools.gnu-tools-for-stm32.14.3.rel1.linux64_1.0.100.202602081740/tools/bin/../lib/gcc/arm-none-eabi/14.3.1/thumb/v7e-m+fp/hard/libgcc.a
LOAD /opt/st/stm32cubeide_2.2.0/plugins/com.st.stm32cube.ide.mcu.externaltools.gnu-tools-for-stm32.14.3.rel1.linux64_1.0.100.202602081740/tools/bin/../lib/gcc/arm-none-eabi/14.3.1/../../../../arm-none-eabi/lib/thumb/v7e-m+fp/hard/libc_nano.a
LOAD /opt/st/stm32cubeide_2.2.0/plugins/com.st.stm32cube.ide.mcu.externaltools.gnu-tools-for-stm32.14.3.rel1.linux64_1.0.100.202602081740/tools/bin/../lib/gcc/arm-none-eabi/14.3.1/../../../../arm-none-eabi/lib/thumb/v7e-m+fp/hard/libnosys.a
END GROUP
START GROUP
LOAD /opt/st/stm32cubeide_2.2.0/plugins/com.st.stm32cube.ide.mcu.externaltools.gnu-tools-for-stm32.14.3.rel1.linux64_1.0.100.202602081740/tools/bin/../lib/gcc/arm-none-eabi/14.3.1/thumb/v7e-m+fp/hard/libgcc.a
LOAD /opt/st/stm32cubeide_2.2.0/plugins/com.st.stm32cube.ide.mcu.externaltools.gnu-tools-for-stm32.14.3.rel1.linux64_1.0.100.202602081740/tools/bin/../lib/gcc/arm-none-eabi/14.3.1/../../../../arm-none-eabi/lib/thumb/v7e-m+fp/hard/libc_nano.a
LOAD /opt/st/stm32cubeide_2.2.0/plugins/com.st.stm32cube.ide.mcu.externaltools.gnu-tools-for-stm32.14.3.rel1.linux64_1.0.100.202602081740/tools/bin/../lib/gcc/arm-none-eabi/14.3.1/../../../../arm-none-eabi/lib/thumb/v7e-m+fp/hard/libnosys.a
END GROUP
LOAD /opt/st/stm32cubeide_2.2.0/plugins/com.st.stm32cube.ide.mcu.externaltools.gnu-tools-for-stm32.14.3.rel1.linux64_1.0.100.202602081740/tools/bin/../lib/gcc/arm-none-eabi/14.3.1/thumb/v7e-m+fp/hard/crtend.o
LOAD /opt/st/stm32cubeide_2.2.0/plugins/com.st.stm32cube.ide.mcu.externaltools.gnu-tools-for-stm32.14.3.rel1.linux64_1.0.100.202602081740/tools/bin/../lib/gcc/arm-none-eabi/14.3.1/thumb/v7e-m+fp/hard/crtn.o
                0x20020000                        _estack = (ORIGIN (RAM) + LENGTH (RAM))
                0x00000200                        _Min_Heap_Size = 0x200
                0x00000400                        _Min_Stack_Size = 0x400

.isr_vector     0x08000000      0x194
                0x08000000                        . = ALIGN (0x4)
 *(.isr_vector)
 .isr_vector    0x08000000      0x194 ./Core/Startup/startup_stm32l452retx.o
                0x08000000                g_pfnVectors
                0x08000194                        . = ALIGN (0x4)

.text           0x080001a0     0x5048
                0x080001a0                        . = ALIGN (0x4)
 *(.text)
 .text          0x080001a0       0x40 /opt/st/stm32cubeide_2.2.0/plugins/com.st.stm32cube.ide.mcu.externaltools.gnu-tools-for-stm32.14.3.rel1.linux64_1.0.100.202602081740/tools/bin/../lib/gcc/arm-none-eabi/14.3.1/thumb/v7e-m+fp/hard/crtbegin.o
 .text          0x080001e0       0x14 /opt/st/stm32cubeide_2.2.0/plugins/com.st.stm32cube.ide.mcu.externaltools.gnu-tools-for-stm32.14.3.rel1.linux64_1.0.100.202602081740/tools/bin/../lib/gcc/arm-none-eabi/14.3.1/../../../../arm-none-eabi/lib/thumb/v7e-m+fp/hard/libc_nano.a(libc_a-strcmp.o)
                0x080001e0                strcmp
 .text          0x080001f4       0x10 /opt/st/stm32cubeide_2.2.0/plugins/com.st.stm32cube.ide.mcu.externaltools.gnu-tools-for-stm32.14.3.rel1.linux64_1.0.100.202602081740/tools/bin/../lib/gcc/arm-none-eabi/14.3.1/../../../../arm-none-eabi/lib/thumb/v7e-m+fp/hard/libc_nano.a(libc_a-strlen.o)
                0x080001f4                strlen
 *fill*         0x08000204        0xc 
 .text          0x08000210       0xa0 /opt/st/stm32cubeide_2.2.0/plugins/com.st.stm32cube.ide.mcu.externaltools.gnu-tools-for-stm32.14.3.rel1.linux64_1.0.100.202602081740/tools/bin/../lib/gcc/arm-none-eabi/14.3.1/../../../../arm-none-eabi/lib/thumb/v7e-m+fp/hard/libc_nano.a(libc_a-memchr.o)
                0x08000210                memchr
 .text          0x080002b0       0x30 /opt/st/stm32cubeide_2.2.0/plugins/com.st.stm32cube.ide.mcu.externaltools.gnu-tools-for-stm32.14.3.rel1.linux64_1.0.100.202602081740/tools/bin/../lib/gcc/arm-none-eabi/14.3.1/thumb/v7e-m+fp/hard/libgcc.a(_aeabi_uldivmod.o)
                0x080002b0                __aeabi_uldivmod
 .text          0x080002e0      0x2f8 /opt/st/stm32cubeide_2.2.0/plugins/com.st.stm32cube.ide.mcu.externaltools.gnu-tools-for-stm32.14.3.rel1.linux64_1.0.100.202602081740/tools/bin/../lib/gcc/arm-none-eabi/14.3.1/thumb/v7e-m+fp/hard/libgcc.a(_udivmoddi4.o)
                0x080002e0                __udivmoddi4
 .text          0x080005d8        0x4 /opt/st/stm32cubeide_2.2.0/plugins/com.st.stm32cube.ide.mcu.externaltools.gnu-tools-for-stm32.14.3.rel1.linux64_1.0.100.202602081740/tools/bin/../lib/gcc/arm-none-eabi/14.3.1/thumb/v7e-m+fp/hard/libgcc.a(_dvmd_tls.o)
                0x080005d8                __aeabi_ldiv0
                0x080005d8                __aeabi_idiv0
 *(.text*)
 .text.adc_internal_startup_delay
                0x080005dc       0x2a ./Core/Src/adc.o
 *fill*         0x08000606        0x2 
 .text.adc_enable_clock
                0x08000608       0x30 ./Core/Src/adc.o
 .text.adc_config_gpio
                0x08000638       0x74 ./Core/Src/adc.o
 .text.adc_exit_deep_power_down
                0x080006ac       0x20 ./Core/Src/adc.o
 .text.adc_enable_voltage_regulator
                0x080006cc       0x3c ./Core/Src/adc.o
 .text.adc_calibrate
                0x08000708       0x70 ./Core/Src/adc.o
 .text.adc_config_common
                0x08000778       0x50 ./Core/Src/adc.o
 .text.adc_enable
                0x080007c8       0x58 ./Core/Src/adc.o
 .text.adc_config_channel
                0x08000820       0x9c ./Core/Src/adc.o
 .text.adc_init
                0x080008bc       0xac ./Core/Src/adc.o
                0x080008bc                adc_init
 .text.adc_configure_internal_channels_dma
                0x08000968      0x128 ./Core/Src/adc.o
                0x08000968                adc_configure_internal_channels_dma
 .text.adc_vrefint_to_vdda_mv
                0x08000a90       0x38 ./Core/Src/adc.o
                0x08000a90                adc_vrefint_to_vdda_mv
 .text.adc_temperature_from_raw
                0x08000ac8       0x50 ./Core/Src/adc.o
                0x08000ac8                adc_temperature_from_raw
 .text.adc_vbat_to_mv
                0x08000b18       0x3c ./Core/Src/adc.o
                0x08000b18                adc_vbat_to_mv
 .text.adc_health_check
                0x08000b54      0x124 ./Core/Src/adc.o
                0x08000b54                adc_health_check
 .text.adc_monitor_init
                0x08000c78       0x68 ./Core/Src/adc_monitor.o
                0x08000c78                adc_monitor_init
 .text.adc_monitor_update
                0x08000ce0       0x90 ./Core/Src/adc_monitor.o
                0x08000ce0                adc_monitor_update
 .text.adc_monitor_get_vdda_mv
                0x08000d70       0x18 ./Core/Src/adc_monitor.o
                0x08000d70                adc_monitor_get_vdda_mv
 .text.adc_monitor_get_temperature_c
                0x08000d88       0x18 ./Core/Src/adc_monitor.o
                0x08000d88                adc_monitor_get_temperature_c
 .text.adc_monitor_get_vbat_mv
                0x08000da0       0x18 ./Core/Src/adc_monitor.o
                0x08000da0                adc_monitor_get_vbat_mv
 .text.adc_monitor_health_check
                0x08000db8       0x90 ./Core/Src/adc_monitor.o
                0x08000db8                adc_monitor_health_check
 .text.cli_transmit_string
                0x08000e48       0x28 ./Core/Src/cli.o
 .text.cli_print_status
                0x08000e70       0x38 ./Core/Src/cli.o
 .text.cli_command_status
                0x08000ea8      0x1a0 ./Core/Src/cli.o
 .text.cli_command_help
                0x08001048       0x78 ./Core/Src/cli.o
 .text.cli_command_uptime
                0x080010c0       0x8c ./Core/Src/cli.o
 .text.cli_command_memory
                0x0800114c      0x138 ./Core/Src/cli.o
 .text.cli_command_errors
                0x08001284      0x288 ./Core/Src/cli.o
 .text.cli_command_reset_reason
                0x0800150c       0xec ./Core/Src/cli.o
 .text.cli_command_selftest
                0x080015f8       0xb8 ./Core/Src/cli.o
 .text.cli_command_get_log
                0x080016b0      0x250 ./Core/Src/cli.o
 .text.cli_command_clear_errors
                0x08001900       0x38 ./Core/Src/cli.o
 .text.cli_process_command
                0x08001938      0x110 ./Core/Src/cli.o
 .text.cli_init
                0x08001a48       0x6c ./Core/Src/cli.o
                0x08001a48                cli_init
 .text.cli_command_version
                0x08001ab4       0x70 ./Core/Src/cli.o
 .text.cli_receive_char
                0x08001b24       0xf0 ./Core/Src/cli.o
                0x08001b24                cli_receive_char
 .text.cli_process
                0x08001c14       0x34 ./Core/Src/cli.o
                0x08001c14                cli_process
 .text.clock_enable_hsi
                0x08001c48       0x4c ./Core/Src/clock.o
 .text.clock_config_voltage_scaling
                0x08001c94       0x4c ./Core/Src/clock.o
 .text.clock_config_flash
                0x08001ce0       0x3c ./Core/Src/clock.o
 .text.clock_config_bus_prescalers
                0x08001d1c       0x68 ./Core/Src/clock.o
 .text.clock_config_pll
                0x08001d84       0xf0 ./Core/Src/clock.o
 .text.clock_switch_to_pll
                0x08001e74       0x58 ./Core/Src/clock.o
 .text.clock_init
                0x08001ecc       0xc8 ./Core/Src/clock.o
                0x08001ecc                clock_init
 .text.clock_get_frequency
                0x08001f94       0x30 ./Core/Src/clock.o
                0x08001f94                clock_get_frequency
 .text.clock_health_check
                0x08001fc4       0xd0 ./Core/Src/clock.o
                0x08001fc4                clock_health_check
 .text.__NVIC_EnableIRQ
                0x08002094       0x3c ./Core/Src/dma.o
 .text.dma_adc_init
                0x080020d0      0x114 ./Core/Src/dma.o
                0x080020d0                dma_adc_init
 .text.dma_adc_start
                0x080021e4       0x20 ./Core/Src/dma.o
                0x080021e4                dma_adc_start
 .text.dma_adc_health_check
                0x08002204       0xa0 ./Core/Src/dma.o
                0x08002204                dma_adc_health_check
 .text.dma_adc_transfer_complete
                0x080022a4       0x18 ./Core/Src/dma.o
                0x080022a4                dma_adc_transfer_complete
 .text.dma_adc_clear_transfer_complete
                0x080022bc       0x18 ./Core/Src/dma.o
                0x080022bc                dma_adc_clear_transfer_complete
 .text.dma_adc_irq_handler
                0x080022d4       0x30 ./Core/Src/dma.o
                0x080022d4                dma_adc_irq_handler
 .text.fault_logger_init
                0x08002304       0xa4 ./Core/Src/fault_logger.o
                0x08002304                fault_logger_init
 .text.fault_logger_log
                0x080023a8       0xb8 ./Core/Src/fault_logger.o
                0x080023a8                fault_logger_log
 .text.fault_logger_get
                0x08002460       0x90 ./Core/Src/fault_logger.o
                0x08002460                fault_logger_get
 .text.fault_logger_get_latest
                0x080024f0       0x70 ./Core/Src/fault_logger.o
                0x080024f0                fault_logger_get_latest
 .text.fault_logger_get_count
                0x08002560       0x18 ./Core/Src/fault_logger.o
                0x08002560                fault_logger_get_count
 .text.fault_logger_clear
                0x08002578       0xac ./Core/Src/fault_logger.o
                0x08002578                fault_logger_clear
 .text.fault_logger_health_check
                0x08002624       0x30 ./Core/Src/fault_logger.o
                0x08002624                fault_logger_health_check
 .text.fault_manager_init
                0x08002654       0xb8 ./Core/Src/fault_manager.o
                0x08002654                fault_manager_init
 .text.fault_manager_report
                0x0800270c       0xc0 ./Core/Src/fault_manager.o
                0x0800270c                fault_manager_report
 .text.fault_manager_clear
                0x080027cc       0x80 ./Core/Src/fault_manager.o
                0x080027cc                fault_manager_clear
 .text.fault_manager_get_record
                0x0800284c       0x5c ./Core/Src/fault_manager.o
                0x0800284c                fault_manager_get_record
 .text.fault_manager_get_count
                0x080028a8       0x44 ./Core/Src/fault_manager.o
                0x080028a8                fault_manager_get_count
 .text.fault_manager_is_active
                0x080028ec       0x44 ./Core/Src/fault_manager.o
                0x080028ec                fault_manager_is_active
 .text.fault_manager_any_active
                0x08002930       0x18 ./Core/Src/fault_manager.o
                0x08002930                fault_manager_any_active
 .text.fault_manager_get_last_fault
                0x08002948       0x44 ./Core/Src/fault_manager.o
                0x08002948                fault_manager_get_last_fault
 .text.fault_manager_health_check
                0x0800298c       0x24 ./Core/Src/fault_manager.o
                0x0800298c                fault_manager_health_check
 .text.heartbeat_monitor_init
                0x080029b0       0x5c ./Core/Src/heartbeat_monitor.o
                0x080029b0                heartbeat_monitor_init
 .text.heartbeat_monitor_beat
                0x08002a0c       0x48 ./Core/Src/heartbeat_monitor.o
                0x08002a0c                heartbeat_monitor_beat
 .text.heartbeat_monitor_tick
                0x08002a54       0x58 ./Core/Src/heartbeat_monitor.o
                0x08002a54                heartbeat_monitor_tick
 .text.heartbeat_monitor_health_check
                0x08002aac       0x34 ./Core/Src/heartbeat_monitor.o
                0x08002aac                heartbeat_monitor_health_check
 .text.heartbeat_monitor_get_count
                0x08002ae0       0x18 ./Core/Src/heartbeat_monitor.o
                0x08002ae0                heartbeat_monitor_get_count
 .text.heartbeat_monitor_get_elapsed_ms
                0x08002af8       0x20 ./Core/Src/heartbeat_monitor.o
                0x08002af8                heartbeat_monitor_get_elapsed_ms
 .text.heartbeat_monitor_fault_active
                0x08002b18       0x18 ./Core/Src/heartbeat_monitor.o
                0x08002b18                heartbeat_monitor_fault_active
 .text.led_init
                0x08002b30       0x98 ./Core/Src/led.o
                0x08002b30                led_init
 .text.led_on   0x08002bc8       0x20 ./Core/Src/led.o
                0x08002bc8                led_on
 .text.led_off  0x08002be8       0x24 ./Core/Src/led.o
                0x08002be8                led_off
 .text.led_toggle
                0x08002c0c       0x20 ./Core/Src/led.o
                0x08002c0c                led_toggle
 .text.led_health_check
                0x08002c2c       0x5c ./Core/Src/led.o
                0x08002c2c                led_health_check
 .text.fault_manager_update_debug_variables
                0x08002c88       0xac ./Core/Src/main.o
 .text.main     0x08002d34      0x66c ./Core/Src/main.o
                0x08002d34                main
 .text.debug_stack_overflow_test
                0x080033a0       0x54 ./Core/Src/main.o
 .text.memory_monitor_get_msp
                0x080033f4       0x1a ./Core/Src/memory_monitor.o
                0x080033f4                memory_monitor_get_msp
 *fill*         0x0800340e        0x2 
 .text.memory_monitor_stack_overflow
                0x08003410       0x2c ./Core/Src/memory_monitor.o
                0x08003410                memory_monitor_stack_overflow
 .text.memory_monitor_init
                0x0800343c       0x40 ./Core/Src/memory_monitor.o
                0x0800343c                memory_monitor_init
 .text.memory_monitor_update
                0x0800347c       0xa4 ./Core/Src/memory_monitor.o
                0x0800347c                memory_monitor_update
 .text.memory_monitor_get_info
                0x08003520       0xac ./Core/Src/memory_monitor.o
                0x08003520                memory_monitor_get_info
 .text.memory_monitor_health_check
                0x080035cc       0x98 ./Core/Src/memory_monitor.o
                0x080035cc                memory_monitor_health_check
 .text.memory_monitor_get_stack_pointer
                0x08003664        0xe ./Core/Src/memory_monitor.o
                0x08003664                memory_monitor_get_stack_pointer
 *fill*         0x08003672        0x2 
 .text.memory_monitor_get_stack_available
                0x08003674       0x40 ./Core/Src/memory_monitor.o
                0x08003674                memory_monitor_get_stack_available
 .text.memory_monitor_get_ram_size
                0x080036b4       0x12 ./Core/Src/memory_monitor.o
                0x080036b4                memory_monitor_get_ram_size
 .text.memory_monitor_get_ram_start
                0x080036c6       0x12 ./Core/Src/memory_monitor.o
                0x080036c6                memory_monitor_get_ram_start
 .text.memory_monitor_get_ram_end
                0x080036d8       0x14 ./Core/Src/memory_monitor.o
                0x080036d8                memory_monitor_get_ram_end
 .text.memory_monitor_fault_active
                0x080036ec       0x18 ./Core/Src/memory_monitor.o
                0x080036ec                memory_monitor_fault_active
 .text.peripheral_monitor_init
                0x08003704       0x58 ./Core/Src/peripheral_monitor.o
                0x08003704                peripheral_monitor_init
 .text.peripheral_monitor_update
                0x0800375c      0x130 ./Core/Src/peripheral_monitor.o
                0x0800375c                peripheral_monitor_update
 .text.peripheral_monitor_get_info
                0x0800388c       0x44 ./Core/Src/peripheral_monitor.o
                0x0800388c                peripheral_monitor_get_info
 .text.peripheral_monitor_all_healthy
                0x080038d0       0x18 ./Core/Src/peripheral_monitor.o
                0x080038d0                peripheral_monitor_all_healthy
 .text.ram_test_init
                0x080038e8       0x24 ./Core/Src/ram_test.o
                0x080038e8                ram_test_init
 .text.ram_test_pattern_test
                0x0800390c      0x100 ./Core/Src/ram_test.o
 .text.ram_test_walking_1
                0x08003a0c       0x9c ./Core/Src/ram_test.o
 .text.ram_test_walking_0
                0x08003aa8       0x9c ./Core/Src/ram_test.o
 .text.ram_test_address_bus
                0x08003b44      0x13c ./Core/Src/ram_test.o
 .text.ram_test_run
                0x08003c80       0xe8 ./Core/Src/ram_test.o
                0x08003c80                ram_test_run
 .text.ram_test_health_check
                0x08003d68       0x34 ./Core/Src/ram_test.o
                0x08003d68                ram_test_health_check
 .text.ram_test_get_info
                0x08003d9c       0x58 ./Core/Src/ram_test.o
                0x08003d9c                ram_test_get_info
 .text.ram_test_fault_active
                0x08003df4       0x18 ./Core/Src/ram_test.o
                0x08003df4                ram_test_fault_active
 .text.ram_test_get_fault_info
                0x08003e0c       0x58 ./Core/Src/ram_test.o
                0x08003e0c                ram_test_get_fault_info
 .text.reset_manager_init
                0x08003e64       0xac ./Core/Src/reset_manager.o
                0x08003e64                reset_manager_init
 .text.reset_manager_get_reason
                0x08003f10       0x18 ./Core/Src/reset_manager.o
                0x08003f10                reset_manager_get_reason
 .text.reset_manager_get_raw_flags
                0x08003f28       0x18 ./Core/Src/reset_manager.o
                0x08003f28                reset_manager_get_raw_flags
 .text.NMI_Handler
                0x08003f40        0x8 ./Core/Src/stm32l4xx_it.o
                0x08003f40                NMI_Handler
 .text.HardFault_Handler
                0x08003f48        0x8 ./Core/Src/stm32l4xx_it.o
                0x08003f48                HardFault_Handler
 .text.MemManage_Handler
                0x08003f50        0x8 ./Core/Src/stm32l4xx_it.o
                0x08003f50                MemManage_Handler
 .text.BusFault_Handler
                0x08003f58        0x8 ./Core/Src/stm32l4xx_it.o
                0x08003f58                BusFault_Handler
 .text.UsageFault_Handler
                0x08003f60        0x8 ./Core/Src/stm32l4xx_it.o
                0x08003f60                UsageFault_Handler
 .text.SVC_Handler
                0x08003f68        0xe ./Core/Src/stm32l4xx_it.o
                0x08003f68                SVC_Handler
 .text.DebugMon_Handler
                0x08003f76        0xe ./Core/Src/stm32l4xx_it.o
                0x08003f76                DebugMon_Handler
 .text.PendSV_Handler
                0x08003f84        0xe ./Core/Src/stm32l4xx_it.o
                0x08003f84                PendSV_Handler
 .text.SysTick_Handler
                0x08003f92       0x10 ./Core/Src/stm32l4xx_it.o
                0x08003f92                SysTick_Handler
 .text.DMA1_Channel1_IRQHandler
                0x08003fa2        0xc ./Core/Src/stm32l4xx_it.o
                0x08003fa2                DMA1_Channel1_IRQHandler
 *fill*         0x08003fae        0x2 
 .text._sbrk    0x08003fb0       0x6c ./Core/Src/sysmem.o
                0x08003fb0                _sbrk
 .text.SystemInit
                0x0800401c       0x24 ./Core/Src/system_stm32l4xx.o
                0x0800401c                SystemInit
 .text.SystemCoreClockUpdate
                0x08004040      0x15c ./Core/Src/system_stm32l4xx.o
                0x08004040                SystemCoreClockUpdate
 .text.system_time_init
                0x0800419c       0x58 ./Core/Src/system_time.o
                0x0800419c                system_time_init
 .text.system_time_tick
                0x080041f4       0x1c ./Core/Src/system_time.o
                0x080041f4                system_time_tick
 .text.system_time_get_ms
                0x08004210       0x18 ./Core/Src/system_time.o
                0x08004210                system_time_get_ms
 .text.system_time_delay_ms
                0x08004228       0x2a ./Core/Src/system_time.o
                0x08004228                system_time_delay_ms
 *fill*         0x08004252        0x2 
 .text.system_time_health_check
                0x08004254       0x6c ./Core/Src/system_time.o
                0x08004254                system_time_health_check
 .text.uart_init
                0x080042c0      0x120 ./Core/Src/usart.o
                0x080042c0                uart_init
 .text.uart_transmit_byte
                0x080043e0       0x30 ./Core/Src/usart.o
                0x080043e0                uart_transmit_byte
 .text.uart_receive_byte_nonblocking
                0x08004410       0x40 ./Core/Src/usart.o
                0x08004410                uart_receive_byte_nonblocking
 .text.uart_transmit
                0x08004450       0x5c ./Core/Src/usart.o
                0x08004450                uart_transmit
 .text.uart_health_check
                0x080044ac       0x9c ./Core/Src/usart.o
                0x080044ac                uart_health_check
 .text.watchdog_calculate_reload
                0x08004548       0xd2 ./Core/Src/watchdog_manager.o
 *fill*         0x0800461a        0x2 
 .text.watchdog_manager_init
                0x0800461c       0xe4 ./Core/Src/watchdog_manager.o
                0x0800461c                watchdog_manager_init
 .text.watchdog_manager_refresh
                0x08004700       0x30 ./Core/Src/watchdog_manager.o
                0x08004700                watchdog_manager_refresh
 .text.watchdog_manager_update
                0x08004730       0x48 ./Core/Src/watchdog_manager.o
                0x08004730                watchdog_manager_update
 .text.watchdog_manager_health_check
                0x08004778       0x74 ./Core/Src/watchdog_manager.o
                0x08004778                watchdog_manager_health_check
 .text.watchdog_manager_fault_active
                0x080047ec       0x18 ./Core/Src/watchdog_manager.o
                0x080047ec                watchdog_manager_fault_active
 .text.Reset_Handler
                0x08004804       0x50 ./Core/Startup/startup_stm32l452retx.o
                0x08004804                Reset_Handler
 .text.Default_Handler
                0x08004854        0x2 ./Core/Startup/startup_stm32l452retx.o
                0x08004854                RTC_Alarm_IRQHandler
                0x08004854                EXTI2_IRQHandler
                0x08004854                TIM1_CC_IRQHandler
                0x08004854                TSC_IRQHandler
                0x08004854                TAMP_STAMP_IRQHandler
                0x08004854                EXTI3_IRQHandler
                0x08004854                LPTIM2_IRQHandler
                0x08004854                DFSDM1_FLT1_IRQHandler
                0x08004854                I2C3_ER_IRQHandler
                0x08004854                EXTI0_IRQHandler
                0x08004854                I2C2_EV_IRQHandler
                0x08004854                CAN1_RX0_IRQHandler
                0x08004854                FPU_IRQHandler
                0x08004854                TIM1_UP_TIM16_IRQHandler
                0x08004854                SPI1_IRQHandler
                0x08004854                TIM6_DAC_IRQHandler
                0x08004854                DMA2_Channel2_IRQHandler
                0x08004854                DMA1_Channel4_IRQHandler
                0x08004854                ADC1_IRQHandler
                0x08004854                USART3_IRQHandler
                0x08004854                DMA1_Channel7_IRQHandler
                0x08004854                CAN1_RX1_IRQHandler
                0x08004854                DMA2_Channel1_IRQHandler
                0x08004854                QUADSPI_IRQHandler
                0x08004854                I2C1_EV_IRQHandler
                0x08004854                DMA1_Channel6_IRQHandler
                0x08004854                UART4_IRQHandler
                0x08004854                DMA2_Channel4_IRQHandler
                0x08004854                TIM3_IRQHandler
                0x08004854                RCC_IRQHandler
                0x08004854                TIM1_TRG_COM_IRQHandler
                0x08004854                Default_Handler
                0x08004854                DMA2_Channel7_IRQHandler
                0x08004854                EXTI15_10_IRQHandler
                0x08004854                SDMMC1_IRQHandler
                0x08004854                I2C3_EV_IRQHandler
                0x08004854                USB_IRQHandler
                0x08004854                EXTI9_5_IRQHandler
                0x08004854                RTC_WKUP_IRQHandler
                0x08004854                PVD_PVM_IRQHandler
                0x08004854                SPI2_IRQHandler
                0x08004854                CAN1_TX_IRQHandler
                0x08004854                DMA2_Channel5_IRQHandler
                0x08004854                CRS_IRQHandler
                0x08004854                DMA1_Channel5_IRQHandler
                0x08004854                EXTI4_IRQHandler
                0x08004854                RNG_IRQHandler
                0x08004854                DMA1_Channel3_IRQHandler
                0x08004854                COMP_IRQHandler
                0x08004854                WWDG_IRQHandler
                0x08004854                I2C4_EV_IRQHandler
                0x08004854                LPUART1_IRQHandler
                0x08004854                DMA2_Channel6_IRQHandler
                0x08004854                TIM2_IRQHandler
                0x08004854                EXTI1_IRQHandler
                0x08004854                USART2_IRQHandler
                0x08004854                DFSDM1_FLT0_IRQHandler
                0x08004854                I2C2_ER_IRQHandler
                0x08004854                DMA1_Channel2_IRQHandler
                0x08004854                CAN1_SCE_IRQHandler
                0x08004854                FLASH_IRQHandler
                0x08004854                USART1_IRQHandler
                0x08004854                SPI3_IRQHandler
                0x08004854                I2C1_ER_IRQHandler
                0x08004854                LPTIM1_IRQHandler
                0x08004854                I2C4_ER_IRQHandler
                0x08004854                SAI1_IRQHandler
                0x08004854                DMA2_Channel3_IRQHandler
                0x08004854                TIM1_BRK_TIM15_IRQHandler
 *fill*         0x08004856        0x2 
 .text.snprintf
                0x08004858       0x6c /opt/st/stm32cubeide_2.2.0/plugins/com.st.stm32cube.ide.mcu.externaltools.gnu-tools-for-stm32.14.3.rel1.linux64_1.0.100.202602081740/tools/bin/../lib/gcc/arm-none-eabi/14.3.1/../../../../arm-none-eabi/lib/thumb/v7e-m+fp/hard/libc_nano.a(libc_a-snprintf.o)
                0x08004858                snprintf
                0x08004858                sniprintf
 .text.memset   0x080048c4       0x10 /opt/st/stm32cubeide_2.2.0/plugins/com.st.stm32cube.ide.mcu.externaltools.gnu-tools-for-stm32.14.3.rel1.linux64_1.0.100.202602081740/tools/bin/../lib/gcc/arm-none-eabi/14.3.1/../../../../arm-none-eabi/lib/thumb/v7e-m+fp/hard/libc_nano.a(libc_a-memset.o)
                0x080048c4                memset
 .text.__errno  0x080048d4        0xc /opt/st/stm32cubeide_2.2.0/plugins/com.st.stm32cube.ide.mcu.externaltools.gnu-tools-for-stm32.14.3.rel1.linux64_1.0.100.202602081740/tools/bin/../lib/gcc/arm-none-eabi/14.3.1/../../../../arm-none-eabi/lib/thumb/v7e-m+fp/hard/libc_nano.a(libc_a-errno.o)
                0x080048d4                __errno
 .text.__libc_init_array
                0x080048e0       0x48 /opt/st/stm32cubeide_2.2.0/plugins/com.st.stm32cube.ide.mcu.externaltools.gnu-tools-for-stm32.14.3.rel1.linux64_1.0.100.202602081740/tools/bin/../lib/gcc/arm-none-eabi/14.3.1/../../../../arm-none-eabi/lib/thumb/v7e-m+fp/hard/libc_nano.a(libc_a-init.o)
                0x080048e0                __libc_init_array
 .text.__retarget_lock_acquire_recursive
                0x08004928        0x2 /opt/st/stm32cubeide_2.2.0/plugins/com.st.stm32cube.ide.mcu.externaltools.gnu-tools-for-stm32.14.3.rel1.linux64_1.0.100.202602081740/tools/bin/../lib/gcc/arm-none-eabi/14.3.1/../../../../arm-none-eabi/lib/thumb/v7e-m+fp/hard/libc_nano.a(libc_a-lock.o)
                0x08004928                __retarget_lock_acquire_recursive
 .text.__retarget_lock_release_recursive
                0x0800492a        0x2 /opt/st/stm32cubeide_2.2.0/plugins/com.st.stm32cube.ide.mcu.externaltools.gnu-tools-for-stm32.14.3.rel1.linux64_1.0.100.202602081740/tools/bin/../lib/gcc/arm-none-eabi/14.3.1/../../../../arm-none-eabi/lib/thumb/v7e-m+fp/hard/libc_nano.a(libc_a-lock.o)
                0x0800492a                __retarget_lock_release_recursive
 .text._free_r  0x0800492c       0x94 /opt/st/stm32cubeide_2.2.0/plugins/com.st.stm32cube.ide.mcu.externaltools.gnu-tools-for-stm32.14.3.rel1.linux64_1.0.100.202602081740/tools/bin/../lib/gcc/arm-none-eabi/14.3.1/../../../../arm-none-eabi/lib/thumb/v7e-m+fp/hard/libc_nano.a(libc_a-freer.o)
                0x0800492c                _free_r
 .text.sbrk_aligned
                0x080049c0       0x44 /opt/st/stm32cubeide_2.2.0/plugins/com.st.stm32cube.ide.mcu.externaltools.gnu-tools-for-stm32.14.3.rel1.linux64_1.0.100.202602081740/tools/bin/../lib/gcc/arm-none-eabi/14.3.1/../../../../arm-none-eabi/lib/thumb/v7e-m+fp/hard/libc_nano.a(libc_a-mallocr.o)
 .text._malloc_r
                0x08004a04      0x100 /opt/st/stm32cubeide_2.2.0/plugins/com.st.stm32cube.ide.mcu.externaltools.gnu-tools-for-stm32.14.3.rel1.linux64_1.0.100.202602081740/tools/bin/../lib/gcc/arm-none-eabi/14.3.1/../../../../arm-none-eabi/lib/thumb/v7e-m+fp/hard/libc_nano.a(libc_a-mallocr.o)
                0x08004a04                _malloc_r
 .text.__malloc_lock
                0x08004b04        0xc /opt/st/stm32cubeide_2.2.0/plugins/com.st.stm32cube.ide.mcu.externaltools.gnu-tools-for-stm32.14.3.rel1.linux64_1.0.100.202602081740/tools/bin/../lib/gcc/arm-none-eabi/14.3.1/../../../../arm-none-eabi/lib/thumb/v7e-m+fp/hard/libc_nano.a(libc_a-mlock.o)
                0x08004b04                __malloc_lock
 .text.__malloc_unlock
                0x08004b10        0xc /opt/st/stm32cubeide_2.2.0/plugins/com.st.stm32cube.ide.mcu.externaltools.gnu-tools-for-stm32.14.3.rel1.linux64_1.0.100.202602081740/tools/bin/../lib/gcc/arm-none-eabi/14.3.1/../../../../arm-none-eabi/lib/thumb/v7e-m+fp/hard/libc_nano.a(libc_a-mlock.o)
                0x08004b10                __malloc_unlock
 .text.__ssputs_r
                0x08004b1c       0xc0 /opt/st/stm32cubeide_2.2.0/plugins/com.st.stm32cube.ide.mcu.externaltools.gnu-tools-for-stm32.14.3.rel1.linux64_1.0.100.202602081740/tools/bin/../lib/gcc/arm-none-eabi/14.3.1/../../../../arm-none-eabi/lib/thumb/v7e-m+fp/hard/libc_nano.a(libc_a-nano-svfprintf.o)
                0x08004b1c                __ssputs_r
 .text._svfprintf_r
                0x08004bdc      0x1f0 /opt/st/stm32cubeide_2.2.0/plugins/com.st.stm32cube.ide.mcu.externaltools.gnu-tools-for-stm32.14.3.rel1.linux64_1.0.100.202602081740/tools/bin/../lib/gcc/arm-none-eabi/14.3.1/../../../../arm-none-eabi/lib/thumb/v7e-m+fp/hard/libc_nano.a(libc_a-nano-svfprintf.o)
                0x08004bdc                _svfprintf_r
                0x08004bdc                _svfiprintf_r
 .text._printf_common
                0x08004dcc       0xda /opt/st/stm32cubeide_2.2.0/plugins/com.st.stm32cube.ide.mcu.externaltools.gnu-tools-for-stm32.14.3.rel1.linux64_1.0.100.202602081740/tools/bin/../lib/gcc/arm-none-eabi/14.3.1/../../../../arm-none-eabi/lib/thumb/v7e-m+fp/hard/libc_nano.a(libc_a-nano-vfprintf_i.o)
                0x08004dcc                _printf_common
 *fill*         0x08004ea6        0x2 
 .text._printf_i
                0x08004ea8      0x24c /opt/st/stm32cubeide_2.2.0/plugins/com.st.stm32cube.ide.mcu.externaltools.gnu-tools-for-stm32.14.3.rel1.linux64_1.0.100.202602081740/tools/bin/../lib/gcc/arm-none-eabi/14.3.1/../../../../arm-none-eabi/lib/thumb/v7e-m+fp/hard/libc_nano.a(libc_a-nano-vfprintf_i.o)
                0x08004ea8                _printf_i
 .text.memmove  0x080050f4       0x32 /opt/st/stm32cubeide_2.2.0/plugins/com.st.stm32cube.ide.mcu.externaltools.gnu-tools-for-stm32.14.3.rel1.linux64_1.0.100.202602081740/tools/bin/../lib/gcc/arm-none-eabi/14.3.1/../../../../arm-none-eabi/lib/thumb/v7e-m+fp/hard/libc_nano.a(libc_a-memmove.o)
                0x080050f4                memmove
 *fill*         0x08005126        0x2 
 .text._sbrk_r  0x08005128       0x20 /opt/st/stm32cubeide_2.2.0/plugins/com.st.stm32cube.ide.mcu.externaltools.gnu-tools-for-stm32.14.3.rel1.linux64_1.0.100.202602081740/tools/bin/../lib/gcc/arm-none-eabi/14.3.1/../../../../arm-none-eabi/lib/thumb/v7e-m+fp/hard/libc_nano.a(libc_a-sbrkr.o)
                0x08005128                _sbrk_r
 .text.memcpy   0x08005148       0x1c /opt/st/stm32cubeide_2.2.0/plugins/com.st.stm32cube.ide.mcu.externaltools.gnu-tools-for-stm32.14.3.rel1.linux64_1.0.100.202602081740/tools/bin/../lib/gcc/arm-none-eabi/14.3.1/../../../../arm-none-eabi/lib/thumb/v7e-m+fp/hard/libc_nano.a(libc_a-memcpy-stub.o)
                0x08005148                memcpy
 .text._realloc_r
                0x08005164       0x5c /opt/st/stm32cubeide_2.2.0/plugins/com.st.stm32cube.ide.mcu.externaltools.gnu-tools-for-stm32.14.3.rel1.linux64_1.0.100.202602081740/tools/bin/../lib/gcc/arm-none-eabi/14.3.1/../../../../arm-none-eabi/lib/thumb/v7e-m+fp/hard/libc_nano.a(libc_a-reallocr.o)
                0x08005164                _realloc_r
 .text._malloc_usable_size_r
                0x080051c0       0x10 /opt/st/stm32cubeide_2.2.0/plugins/com.st.stm32cube.ide.mcu.externaltools.gnu-tools-for-stm32.14.3.rel1.linux64_1.0.100.202602081740/tools/bin/../lib/gcc/arm-none-eabi/14.3.1/../../../../arm-none-eabi/lib/thumb/v7e-m+fp/hard/libc_nano.a(libc_a-msizer.o)
                0x080051c0                _malloc_usable_size_r
 *(.glue_7)
 .glue_7        0x080051d0        0x0 linker stubs
 *(.glue_7t)
 .glue_7t       0x080051d0        0x0 linker stubs
 *(.eh_frame)
 .eh_frame      0x080051d0        0x0 /opt/st/stm32cubeide_2.2.0/plugins/com.st.stm32cube.ide.mcu.externaltools.gnu-tools-for-stm32.14.3.rel1.linux64_1.0.100.202602081740/tools/bin/../lib/gcc/arm-none-eabi/14.3.1/thumb/v7e-m+fp/hard/crtbegin.o
 *(.init)
 .init          0x080051d0        0x4 /opt/st/stm32cubeide_2.2.0/plugins/com.st.stm32cube.ide.mcu.externaltools.gnu-tools-for-stm32.14.3.rel1.linux64_1.0.100.202602081740/tools/bin/../lib/gcc/arm-none-eabi/14.3.1/thumb/v7e-m+fp/hard/crti.o
                0x080051d0                _init
 .init          0x080051d4        0x8 /opt/st/stm32cubeide_2.2.0/plugins/com.st.stm32cube.ide.mcu.externaltools.gnu-tools-for-stm32.14.3.rel1.linux64_1.0.100.202602081740/tools/bin/../lib/gcc/arm-none-eabi/14.3.1/thumb/v7e-m+fp/hard/crtn.o
 *(.fini)
 .fini          0x080051dc        0x4 /opt/st/stm32cubeide_2.2.0/plugins/com.st.stm32cube.ide.mcu.externaltools.gnu-tools-for-stm32.14.3.rel1.linux64_1.0.100.202602081740/tools/bin/../lib/gcc/arm-none-eabi/14.3.1/thumb/v7e-m+fp/hard/crti.o
                0x080051dc                _fini
 .fini          0x080051e0        0x8 /opt/st/stm32cubeide_2.2.0/plugins/com.st.stm32cube.ide.mcu.externaltools.gnu-tools-for-stm32.14.3.rel1.linux64_1.0.100.202602081740/tools/bin/../lib/gcc/arm-none-eabi/14.3.1/thumb/v7e-m+fp/hard/crtn.o
                0x080051e8                        . = ALIGN (0x4)
                0x080051e8                        _etext = .

.vfp11_veneer   0x080051e8        0x0
 .vfp11_veneer  0x080051e8        0x0 linker stubs

.v4_bx          0x080051e8        0x0
 .v4_bx         0x080051e8        0x0 linker stubs

.iplt           0x080051e8        0x0
 .iplt          0x080051e8        0x0 /opt/st/stm32cubeide_2.2.0/plugins/com.st.stm32cube.ide.mcu.externaltools.gnu-tools-for-stm32.14.3.rel1.linux64_1.0.100.202602081740/tools/bin/../lib/gcc/arm-none-eabi/14.3.1/thumb/v7e-m+fp/hard/crtbegin.o

.rodata         0x080051e8      0x938
                0x080051e8                        . = ALIGN (0x4)
 *(.rodata)
 .rodata        0x080051e8      0x8a1 ./Core/Src/cli.o
 *(.rodata*)
 *fill*         0x08005a89        0x3 
 .rodata.backspace_sequence.0
                0x08005a8c        0x4 ./Core/Src/cli.o
 .rodata.memory_monitor_config
                0x08005a90        0x4 ./Core/Src/main.o
 .rodata.adc_monitor_config
                0x08005a94       0x18 ./Core/Src/main.o
 .rodata.AHBPrescTable
                0x08005aac       0x10 ./Core/Src/system_stm32l4xx.o
                0x08005aac                AHBPrescTable
 .rodata.MSIRangeTable
                0x08005abc       0x30 ./Core/Src/system_stm32l4xx.o
                0x08005abc                MSIRangeTable
 .rodata._svfprintf_r.str1.1
                0x08005aec       0x33 /opt/st/stm32cubeide_2.2.0/plugins/com.st.stm32cube.ide.mcu.externaltools.gnu-tools-for-stm32.14.3.rel1.linux64_1.0.100.202602081740/tools/bin/../lib/gcc/arm-none-eabi/14.3.1/../../../../arm-none-eabi/lib/thumb/v7e-m+fp/hard/libc_nano.a(libc_a-nano-svfprintf.o)
                                 0x11 (size before relaxing)
 .rodata._printf_i.str1.1
                0x08005b1f       0x22 /opt/st/stm32cubeide_2.2.0/plugins/com.st.stm32cube.ide.mcu.externaltools.gnu-tools-for-stm32.14.3.rel1.linux64_1.0.100.202602081740/tools/bin/../lib/gcc/arm-none-eabi/14.3.1/../../../../arm-none-eabi/lib/thumb/v7e-m+fp/hard/libc_nano.a(libc_a-nano-vfprintf_i.o)
                0x08005b44                        . = ALIGN (0x4)
 *fill*         0x08005b1f        0x1 

.ARM.extab      0x08005b20        0x0
                0x08005b20                        . = ALIGN (0x4)
 *(.ARM.extab* .gnu.linkonce.armextab.*)
                0x08005b20                        . = ALIGN (0x4)

.ARM            0x08005b20        0x8
                0x08005b20                        . = ALIGN (0x4)
                0x08005b20                        __exidx_start = .
 *(.ARM.exidx*)
 .ARM.exidx     0x08005b20        0x8 /opt/st/stm32cubeide_2.2.0/plugins/com.st.stm32cube.ide.mcu.externaltools.gnu-tools-for-stm32.14.3.rel1.linux64_1.0.100.202602081740/tools/bin/../lib/gcc/arm-none-eabi/14.3.1/../../../../arm-none-eabi/lib/thumb/v7e-m+fp/hard/libc_nano.a(libc_a-strcmp.o)
 .ARM.exidx     0x08005b28        0x0 /opt/st/stm32cubeide_2.2.0/plugins/com.st.stm32cube.ide.mcu.externaltools.gnu-tools-for-stm32.14.3.rel1.linux64_1.0.100.202602081740/tools/bin/../lib/gcc/arm-none-eabi/14.3.1/../../../../arm-none-eabi/lib/thumb/v7e-m+fp/hard/libc_nano.a(libc_a-strlen.o)
                                  0x8 (size before relaxing)
 .ARM.exidx     0x08005b28        0x0 /opt/st/stm32cubeide_2.2.0/plugins/com.st.stm32cube.ide.mcu.externaltools.gnu-tools-for-stm32.14.3.rel1.linux64_1.0.100.202602081740/tools/bin/../lib/gcc/arm-none-eabi/14.3.1/../../../../arm-none-eabi/lib/thumb/v7e-m+fp/hard/libc_nano.a(libc_a-memchr.o)
                                  0x8 (size before relaxing)
 .ARM.exidx     0x08005b28        0x0 /opt/st/stm32cubeide_2.2.0/plugins/com.st.stm32cube.ide.mcu.externaltools.gnu-tools-for-stm32.14.3.rel1.linux64_1.0.100.202602081740/tools/bin/../lib/gcc/arm-none-eabi/14.3.1/thumb/v7e-m+fp/hard/libgcc.a(_udivmoddi4.o)
                                  0x8 (size before relaxing)
                0x08005b28                        __exidx_end = .
                0x08005b28                        . = ALIGN (0x4)

.preinit_array  0x08005b28        0x0
                0x08005b28                        . = ALIGN (0x4)
                0x08005b28                        PROVIDE (__preinit_array_start = .)
 *(.preinit_array*)
                0x08005b28                        PROVIDE (__preinit_array_end = .)
                0x08005b28                        . = ALIGN (0x4)

.init_array     0x08005b28        0x4
                0x08005b28                        . = ALIGN (0x4)
                0x08005b28                        PROVIDE (__init_array_start = .)
 *(SORT_BY_NAME(.init_array.*))
 *(.init_array*)
 .init_array    0x08005b28        0x4 /opt/st/stm32cubeide_2.2.0/plugins/com.st.stm32cube.ide.mcu.externaltools.gnu-tools-for-stm32.14.3.rel1.linux64_1.0.100.202602081740/tools/bin/../lib/gcc/arm-none-eabi/14.3.1/thumb/v7e-m+fp/hard/crtbegin.o
                0x08005b2c                        PROVIDE (__init_array_end = .)
                0x08005b2c                        . = ALIGN (0x4)

.fini_array     0x08005b2c        0x4
                0x08005b2c                        . = ALIGN (0x4)
                [!provide]                        PROVIDE (__fini_array_start = .)
 *(SORT_BY_NAME(.fini_array.*))
 *(.fini_array*)
 .fini_array    0x08005b2c        0x4 /opt/st/stm32cubeide_2.2.0/plugins/com.st.stm32cube.ide.mcu.externaltools.gnu-tools-for-stm32.14.3.rel1.linux64_1.0.100.202602081740/tools/bin/../lib/gcc/arm-none-eabi/14.3.1/thumb/v7e-m+fp/hard/crtbegin.o
                [!provide]                        PROVIDE (__fini_array_end = .)
                0x08005b30                        . = ALIGN (0x4)
                0x08005b30                        _sidata = LOADADDR (.data)

.rel.dyn        0x08005b30        0x0
 .rel.iplt      0x08005b30        0x0 /opt/st/stm32cubeide_2.2.0/plugins/com.st.stm32cube.ide.mcu.externaltools.gnu-tools-for-stm32.14.3.rel1.linux64_1.0.100.202602081740/tools/bin/../lib/gcc/arm-none-eabi/14.3.1/thumb/v7e-m+fp/hard/crtbegin.o

.data           0x20000000       0x54 load address 0x08005b30
                0x20000000                        . = ALIGN (0x4)
                0x20000000                        _sdata = .
 *(.data)
 *(.data*)
 .data.SystemCoreClock
                0x20000000        0x4 ./Core/Src/system_stm32l4xx.o
                0x20000000                SystemCoreClock
 .data._impure_ptr
                0x20000004        0x4 /opt/st/stm32cubeide_2.2.0/plugins/com.st.stm32cube.ide.mcu.externaltools.gnu-tools-for-stm32.14.3.rel1.linux64_1.0.100.202602081740/tools/bin/../lib/gcc/arm-none-eabi/14.3.1/../../../../arm-none-eabi/lib/thumb/v7e-m+fp/hard/libc_nano.a(libc_a-impure.o)
                0x20000004                _impure_ptr
 .data._impure_data
                0x20000008       0x4c /opt/st/stm32cubeide_2.2.0/plugins/com.st.stm32cube.ide.mcu.externaltools.gnu-tools-for-stm32.14.3.rel1.linux64_1.0.100.202602081740/tools/bin/../lib/gcc/arm-none-eabi/14.3.1/../../../../arm-none-eabi/lib/thumb/v7e-m+fp/hard/libc_nano.a(libc_a-impure.o)
                0x20000008                _impure_data
 *(.RamFunc)
 *(.RamFunc*)
                0x20000054                        . = ALIGN (0x4)
                0x20000054                        _edata = .

.igot.plt       0x20000054        0x0 load address 0x08005b84
 .igot.plt      0x20000054        0x0 /opt/st/stm32cubeide_2.2.0/plugins/com.st.stm32cube.ide.mcu.externaltools.gnu-tools-for-stm32.14.3.rel1.linux64_1.0.100.202602081740/tools/bin/../lib/gcc/arm-none-eabi/14.3.1/thumb/v7e-m+fp/hard/crtbegin.o
                0x20000054                        . = ALIGN (0x4)

.bss            0x20000054      0x4d0 load address 0x08005b84
                0x20000054                        _sbss = .
                0x20000054                        __bss_start__ = _sbss
 *(.bss)
 .bss           0x20000054       0x1c /opt/st/stm32cubeide_2.2.0/plugins/com.st.stm32cube.ide.mcu.externaltools.gnu-tools-for-stm32.14.3.rel1.linux64_1.0.100.202602081740/tools/bin/../lib/gcc/arm-none-eabi/14.3.1/thumb/v7e-m+fp/hard/crtbegin.o
 *(.bss*)
 .bss.monitor_config
                0x20000070       0x18 ./Core/Src/adc_monitor.o
 .bss.monitor_vdda_mv
                0x20000088        0x4 ./Core/Src/adc_monitor.o
 .bss.monitor_temperature_c
                0x2000008c        0x4 ./Core/Src/adc_monitor.o
 .bss.monitor_vbat_mv
                0x20000090        0x4 ./Core/Src/adc_monitor.o
 .bss.monitor_initialized
                0x20000094        0x1 ./Core/Src/adc_monitor.o
 .bss.monitor_status
                0x20000095        0x1 ./Core/Src/adc_monitor.o
 *fill*         0x20000096        0x2 
 .bss.cli_buffer
                0x20000098       0x40 ./Core/Src/cli.o
 .bss.cli_index
                0x200000d8        0x4 ./Core/Src/cli.o
 .bss.cli_initialized
                0x200000dc        0x1 ./Core/Src/cli.o
 .bss.last_clock_status
                0x200000dd        0x1 ./Core/Src/clock.o
 .bss.dma_transfer_complete_flag
                0x200000de        0x1 ./Core/Src/dma.o
 .bss.fault_logger_initialized
                0x200000df        0x1 ./Core/Src/fault_logger.o
 .bss.fault_log_buffer
                0x200000e0      0x100 ./Core/Src/fault_logger.o
 .bss.fault_log_count
                0x200001e0        0x4 ./Core/Src/fault_logger.o
 .bss.fault_log_write_index
                0x200001e4        0x4 ./Core/Src/fault_logger.o
 .bss.fault_log_sequence
                0x200001e8        0x4 ./Core/Src/fault_logger.o
 .bss.fault_manager_initialized
                0x200001ec        0x1 ./Core/Src/fault_manager.o
 *fill*         0x200001ed        0x3 
 .bss.fault_records
                0x200001f0       0xc0 ./Core/Src/fault_manager.o
 .bss.last_fault
                0x200002b0       0x10 ./Core/Src/fault_manager.o
 .bss.any_fault_active
                0x200002c0        0x1 ./Core/Src/fault_manager.o
 *fill*         0x200002c1        0x3 
 .bss.heartbeat_count
                0x200002c4        0x4 ./Core/Src/heartbeat_monitor.o
 .bss.heartbeat_time_ms
                0x200002c8        0x4 ./Core/Src/heartbeat_monitor.o
 .bss.monitor_time_ms
                0x200002cc        0x4 ./Core/Src/heartbeat_monitor.o
 .bss.heartbeat_timeout_ms
                0x200002d0        0x4 ./Core/Src/heartbeat_monitor.o
 .bss.heartbeat_initialized
                0x200002d4        0x1 ./Core/Src/heartbeat_monitor.o
 .bss.heartbeat_fault
                0x200002d5        0x1 ./Core/Src/heartbeat_monitor.o
 .bss.led_state
                0x200002d6        0x1 ./Core/Src/led.o
 *fill*         0x200002d7        0x1 
 .bss.adc_dma_buffer
                0x200002d8        0x6 ./Core/Src/main.o
 *fill*         0x200002de        0x2 
 .bss.last_led_toggle_ms
                0x200002e0        0x4 ./Core/Src/main.o
 .bss.current_time_ms
                0x200002e4        0x4 ./Core/Src/main.o
                0x200002e4                current_time_ms
 .bss.debug_reset_reason
                0x200002e8        0x1 ./Core/Src/main.o
                0x200002e8                debug_reset_reason
 *fill*         0x200002e9        0x3 
 .bss.debug_reset_flags
                0x200002ec        0x4 ./Core/Src/main.o
                0x200002ec                debug_reset_flags
 .bss.debug_vdda_mv
                0x200002f0        0x4 ./Core/Src/main.o
                0x200002f0                debug_vdda_mv
 .bss.debug_temperature_c
                0x200002f4        0x4 ./Core/Src/main.o
                0x200002f4                debug_temperature_c
 .bss.debug_vbat_mv
                0x200002f8        0x4 ./Core/Src/main.o
                0x200002f8                debug_vbat_mv
 .bss.debug_heartbeat_count
                0x200002fc        0x4 ./Core/Src/main.o
                0x200002fc                debug_heartbeat_count
 .bss.debug_heartbeat_elapsed_ms
                0x20000300        0x4 ./Core/Src/main.o
                0x20000300                debug_heartbeat_elapsed_ms
 .bss.debug_heartbeat_fault
                0x20000304        0x1 ./Core/Src/main.o
                0x20000304                debug_heartbeat_fault
 .bss.debug_heartbeat_status
                0x20000305        0x1 ./Core/Src/main.o
                0x20000305                debug_heartbeat_status
 .bss.debug_watchdog_status
                0x20000306        0x1 ./Core/Src/main.o
                0x20000306                debug_watchdog_status
 .bss.debug_watchdog_health
                0x20000307        0x1 ./Core/Src/main.o
                0x20000307                debug_watchdog_health
 .bss.debug_watchdog_fault
                0x20000308        0x1 ./Core/Src/main.o
                0x20000308                debug_watchdog_fault
 *fill*         0x20000309        0x3 
 .bss.debug_msp
                0x2000030c        0x4 ./Core/Src/main.o
                0x2000030c                debug_msp
 .bss.debug_stack_available
                0x20000310        0x4 ./Core/Src/main.o
                0x20000310                debug_stack_available
 .bss.debug_ram_start
                0x20000314        0x4 ./Core/Src/main.o
                0x20000314                debug_ram_start
 .bss.debug_ram_end
                0x20000318        0x4 ./Core/Src/main.o
                0x20000318                debug_ram_end
 .bss.debug_ram_size
                0x2000031c        0x4 ./Core/Src/main.o
                0x2000031c                debug_ram_size
 .bss.debug_memory_status
                0x20000320        0x1 ./Core/Src/main.o
                0x20000320                debug_memory_status
 .bss.debug_ram_test_status
                0x20000321        0x1 ./Core/Src/main.o
                0x20000321                debug_ram_test_status
 .bss.debug_ram_test_fault
                0x20000322        0x1 ./Core/Src/main.o
                0x20000322                debug_ram_test_fault
 *fill*         0x20000323        0x1 
 .bss.debug_ram_test_start
                0x20000324        0x4 ./Core/Src/main.o
                0x20000324                debug_ram_test_start
 .bss.debug_ram_test_end
                0x20000328        0x4 ./Core/Src/main.o
                0x20000328                debug_ram_test_end
 .bss.debug_ram_test_size
                0x2000032c        0x4 ./Core/Src/main.o
                0x2000032c                debug_ram_test_size
 .bss.debug_ram_fault_address
                0x20000330        0x4 ./Core/Src/main.o
                0x20000330                debug_ram_fault_address
 .bss.debug_ram_fault_expected
                0x20000334        0x4 ./Core/Src/main.o
                0x20000334                debug_ram_fault_expected
 .bss.debug_ram_fault_actual
                0x20000338        0x4 ./Core/Src/main.o
                0x20000338                debug_ram_fault_actual
 .bss.debug_ram_fault_test_type
                0x2000033c        0x1 ./Core/Src/main.o
                0x2000033c                debug_ram_fault_test_type
 .bss.debug_peripheral_status
                0x2000033d        0x1 ./Core/Src/main.o
                0x2000033d                debug_peripheral_status
 .bss.debug_peripheral_all_healthy
                0x2000033e        0x1 ./Core/Src/main.o
                0x2000033e                debug_peripheral_all_healthy
 *fill*         0x2000033f        0x1 
 .bss.debug_peripheral_info
                0x20000340        0x8 ./Core/Src/main.o
                0x20000340                debug_peripheral_info
 .bss.debug_adc_status
                0x20000348        0x1 ./Core/Src/main.o
                0x20000348                debug_adc_status
 .bss.debug_fault_manager_status
                0x20000349        0x1 ./Core/Src/main.o
                0x20000349                debug_fault_manager_status
 *fill*         0x2000034a        0x2 
 .bss.debug_last_fault
                0x2000034c       0x10 ./Core/Src/main.o
                0x2000034c                debug_last_fault
 .bss.debug_fault_code
                0x2000035c        0x4 ./Core/Src/main.o
                0x2000035c                debug_fault_code
 .bss.debug_fault_source
                0x20000360        0x4 ./Core/Src/main.o
                0x20000360                debug_fault_source
 .bss.debug_fault_severity
                0x20000364        0x4 ./Core/Src/main.o
                0x20000364                debug_fault_severity
 .bss.debug_fault_timestamp
                0x20000368        0x4 ./Core/Src/main.o
                0x20000368                debug_fault_timestamp
 .bss.debug_fault_occurrence_count
                0x2000036c        0x4 ./Core/Src/main.o
                0x2000036c                debug_fault_occurrence_count
 .bss.debug_fault_active
                0x20000370        0x4 ./Core/Src/main.o
                0x20000370                debug_fault_active
 .bss.debug_adc_fault_count
                0x20000374        0x4 ./Core/Src/main.o
                0x20000374                debug_adc_fault_count
 .bss.debug_heartbeat_fault_count
                0x20000378        0x4 ./Core/Src/main.o
                0x20000378                debug_heartbeat_fault_count
 .bss.debug_fault_logger_status
                0x2000037c        0x1 ./Core/Src/main.o
                0x2000037c                debug_fault_logger_status
 .bss.debug_fault_logger_health
                0x2000037d        0x1 ./Core/Src/main.o
                0x2000037d                debug_fault_logger_health
 *fill*         0x2000037e        0x2 
 .bss.debug_fault_log_count
                0x20000380        0x4 ./Core/Src/main.o
                0x20000380                debug_fault_log_count
 .bss.debug_latest_fault_log
                0x20000384       0x10 ./Core/Src/main.o
                0x20000384                debug_latest_fault_log
 .bss.debug_fault_injection
                0x20000394        0x1 ./Core/Src/main.o
                0x20000394                debug_fault_injection
 .bss.debug_stack_overflow
                0x20000395        0x1 ./Core/Src/main.o
                0x20000395                debug_stack_overflow
 .bss.memory_initialized
                0x20000396        0x1 ./Core/Src/memory_monitor.o
 .bss.memory_fault
                0x20000397        0x1 ./Core/Src/memory_monitor.o
 .bss.configured_stack_warning
                0x20000398        0x4 ./Core/Src/memory_monitor.o
 .bss.peripheral_monitor_initialized
                0x2000039c        0x1 ./Core/Src/peripheral_monitor.o
 .bss.peripheral_monitor_fault
                0x2000039d        0x1 ./Core/Src/peripheral_monitor.o
 *fill*         0x2000039e        0x2 
 .bss.peripheral_info
                0x200003a0        0x8 ./Core/Src/peripheral_monitor.o
 .bss.ram_test_initialized
                0x200003a8        0x1 ./Core/Src/ram_test.o
 .bss.ram_test_fault
                0x200003a9        0x1 ./Core/Src/ram_test.o
 .bss.ram_test_fault_injection
                0x200003aa        0x1 ./Core/Src/ram_test.o
 *fill*         0x200003ab        0x1 
 .bss.ram_test_fault_info
                0x200003ac       0x10 ./Core/Src/ram_test.o
 .bss.reset_reason
                0x200003bc        0x1 ./Core/Src/reset_manager.o
 *fill*         0x200003bd        0x3 
 .bss.reset_raw_flags
                0x200003c0        0x4 ./Core/Src/reset_manager.o
 .bss.reset_manager_initialized
                0x200003c4        0x1 ./Core/Src/reset_manager.o
 *fill*         0x200003c5        0x3 
 .bss.__sbrk_heap_end
                0x200003c8        0x4 ./Core/Src/sysmem.o
 .bss.system_time_ms
                0x200003cc        0x4 ./Core/Src/system_time.o
 .bss.watchdog_timeout_ms
                0x200003d0        0x4 ./Core/Src/watchdog_manager.o
 .bss.watchdog_reload_value
                0x200003d4        0x4 ./Core/Src/watchdog_manager.o
 .bss.watchdog_initialized
                0x200003d8        0x1 ./Core/Src/watchdog_manager.o
 .bss.watchdog_fault
                0x200003d9        0x1 ./Core/Src/watchdog_manager.o
 *fill*         0x200003da        0x2 
 .bss.__sf      0x200003dc      0x138 /opt/st/stm32cubeide_2.2.0/plugins/com.st.stm32cube.ide.mcu.externaltools.gnu-tools-for-stm32.14.3.rel1.linux64_1.0.100.202602081740/tools/bin/../lib/gcc/arm-none-eabi/14.3.1/../../../../arm-none-eabi/lib/thumb/v7e-m+fp/hard/libc_nano.a(libc_a-findfp.o)
                0x200003dc                __sf
 .bss.errno     0x20000514        0x4 /opt/st/stm32cubeide_2.2.0/plugins/com.st.stm32cube.ide.mcu.externaltools.gnu-tools-for-stm32.14.3.rel1.linux64_1.0.100.202602081740/tools/bin/../lib/gcc/arm-none-eabi/14.3.1/../../../../arm-none-eabi/lib/thumb/v7e-m+fp/hard/libc_nano.a(libc_a-reent.o)
                0x20000514                errno
 .bss.__lock___malloc_recursive_mutex
                0x20000518        0x1 /opt/st/stm32cubeide_2.2.0/plugins/com.st.stm32cube.ide.mcu.externaltools.gnu-tools-for-stm32.14.3.rel1.linux64_1.0.100.202602081740/tools/bin/../lib/gcc/arm-none-eabi/14.3.1/../../../../arm-none-eabi/lib/thumb/v7e-m+fp/hard/libc_nano.a(libc_a-lock.o)
                0x20000518                __lock___malloc_recursive_mutex
 *fill*         0x20000519        0x3 
 .bss.__malloc_sbrk_start
                0x2000051c        0x4 /opt/st/stm32cubeide_2.2.0/plugins/com.st.stm32cube.ide.mcu.externaltools.gnu-tools-for-stm32.14.3.rel1.linux64_1.0.100.202602081740/tools/bin/../lib/gcc/arm-none-eabi/14.3.1/../../../../arm-none-eabi/lib/thumb/v7e-m+fp/hard/libc_nano.a(libc_a-mallocr.o)
                0x2000051c                __malloc_sbrk_start
 .bss.__malloc_free_list
                0x20000520        0x4 /opt/st/stm32cubeide_2.2.0/plugins/com.st.stm32cube.ide.mcu.externaltools.gnu-tools-for-stm32.14.3.rel1.linux64_1.0.100.202602081740/tools/bin/../lib/gcc/arm-none-eabi/14.3.1/../../../../arm-none-eabi/lib/thumb/v7e-m+fp/hard/libc_nano.a(libc_a-mallocr.o)
                0x20000520                __malloc_free_list
 *(COMMON)
                0x20000524                        . = ALIGN (0x4)
                0x20000524                        _ebss = .
                0x20000524                        __bss_end__ = _ebss

._user_heap_stack
                0x20000524      0x604 load address 0x08005b84
                0x20000528                        . = ALIGN (0x8)
 *fill*         0x20000524        0x4 
                [!provide]                        PROVIDE (end = .)
                0x20000528                        PROVIDE (_end = .)
                0x20000728                        . = (. + _Min_Heap_Size)
 *fill*         0x20000528      0x200 
                0x20000b28                        . = (. + _Min_Stack_Size)
 *fill*         0x20000728      0x400 
                0x20000b28                        . = ALIGN (0x8)

.ram_test       0x10000000      0x100
                0x10000000                        . = ALIGN (0x4)
                0x10000000                        __ram_test_start__ = .
                0x10000100                        . = (. + 0x100)
 *fill*         0x10000000      0x100 
                0x10000100                        __ram_test_end__ = .
                0x10000100                        . = ALIGN (0x4)

/DISCARD/
 libc.a(*)
 libm.a(*)
 libgcc.a(*)

.ARM.attributes
                0x00000000       0x30
 *(.ARM.attributes)
 .ARM.attributes
                0x00000000       0x22 /opt/st/stm32cubeide_2.2.0/plugins/com.st.stm32cube.ide.mcu.externaltools.gnu-tools-for-stm32.14.3.rel1.linux64_1.0.100.202602081740/tools/bin/../lib/gcc/arm-none-eabi/14.3.1/thumb/v7e-m+fp/hard/crti.o
 .ARM.attributes
                0x00000022       0x34 /opt/st/stm32cubeide_2.2.0/plugins/com.st.stm32cube.ide.mcu.externaltools.gnu-tools-for-stm32.14.3.rel1.linux64_1.0.100.202602081740/tools/bin/../lib/gcc/arm-none-eabi/14.3.1/thumb/v7e-m+fp/hard/crtbegin.o
 .ARM.attributes
                0x00000056       0x34 ./Core/Src/adc.o
 .ARM.attributes
                0x0000008a       0x34 ./Core/Src/adc_monitor.o
 .ARM.attributes
                0x000000be       0x34 ./Core/Src/cli.o
 .ARM.attributes
                0x000000f2       0x34 ./Core/Src/clock.o
 .ARM.attributes
                0x00000126       0x34 ./Core/Src/dma.o
 .ARM.attributes
                0x0000015a       0x34 ./Core/Src/fault_logger.o
 .ARM.attributes
                0x0000018e       0x34 ./Core/Src/fault_manager.o
 .ARM.attributes
                0x000001c2       0x34 ./Core/Src/heartbeat_monitor.o
 .ARM.attributes
                0x000001f6       0x34 ./Core/Src/led.o
 .ARM.attributes
                0x0000022a       0x34 ./Core/Src/main.o
 .ARM.attributes
                0x0000025e       0x34 ./Core/Src/memory_monitor.o
 .ARM.attributes
                0x00000292       0x34 ./Core/Src/peripheral_monitor.o
 .ARM.attributes
                0x000002c6       0x34 ./Core/Src/ram_test.o
 .ARM.attributes
                0x000002fa       0x34 ./Core/Src/reset_manager.o
 .ARM.attributes
                0x0000032e       0x34 ./Core/Src/stm32l4xx_it.o
 .ARM.attributes
                0x00000362       0x34 ./Core/Src/sysmem.o
 .ARM.attributes
                0x00000396       0x34 ./Core/Src/system_stm32l4xx.o
 .ARM.attributes
                0x000003ca       0x34 ./Core/Src/system_time.o
 .ARM.attributes
                0x000003fe       0x34 ./Core/Src/usart.o
 .ARM.attributes
                0x00000432       0x34 ./Core/Src/watchdog_manager.o
 .ARM.attributes
                0x00000466       0x21 ./Core/Startup/startup_stm32l452retx.o
 .ARM.attributes
                0x00000487       0x34 /opt/st/stm32cubeide_2.2.0/plugins/com.st.stm32cube.ide.mcu.externaltools.gnu-tools-for-stm32.14.3.rel1.linux64_1.0.100.202602081740/tools/bin/../lib/gcc/arm-none-eabi/14.3.1/../../../../arm-none-eabi/lib/thumb/v7e-m+fp/hard/libc_nano.a(libc_a-findfp.o)
 .ARM.attributes
                0x000004bb       0x34 /opt/st/stm32cubeide_2.2.0/plugins/com.st.stm32cube.ide.mcu.externaltools.gnu-tools-for-stm32.14.3.rel1.linux64_1.0.100.202602081740/tools/bin/../lib/gcc/arm-none-eabi/14.3.1/../../../../arm-none-eabi/lib/thumb/v7e-m+fp/hard/libc_nano.a(libc_a-snprintf.o)
 .ARM.attributes
                0x000004ef       0x34 /opt/st/stm32cubeide_2.2.0/plugins/com.st.stm32cube.ide.mcu.externaltools.gnu-tools-for-stm32.14.3.rel1.linux64_1.0.100.202602081740/tools/bin/../lib/gcc/arm-none-eabi/14.3.1/../../../../arm-none-eabi/lib/thumb/v7e-m+fp/hard/libc_nano.a(libc_a-memset.o)
 .ARM.attributes
                0x00000523       0x34 /opt/st/stm32cubeide_2.2.0/plugins/com.st.stm32cube.ide.mcu.externaltools.gnu-tools-for-stm32.14.3.rel1.linux64_1.0.100.202602081740/tools/bin/../lib/gcc/arm-none-eabi/14.3.1/../../../../arm-none-eabi/lib/thumb/v7e-m+fp/hard/libc_nano.a(libc_a-reent.o)
 .ARM.attributes
                0x00000557       0x34 /opt/st/stm32cubeide_2.2.0/plugins/com.st.stm32cube.ide.mcu.externaltools.gnu-tools-for-stm32.14.3.rel1.linux64_1.0.100.202602081740/tools/bin/../lib/gcc/arm-none-eabi/14.3.1/../../../../arm-none-eabi/lib/thumb/v7e-m+fp/hard/libc_nano.a(libc_a-impure.o)
 .ARM.attributes
                0x0000058b       0x34 /opt/st/stm32cubeide_2.2.0/plugins/com.st.stm32cube.ide.mcu.externaltools.gnu-tools-for-stm32.14.3.rel1.linux64_1.0.100.202602081740/tools/bin/../lib/gcc/arm-none-eabi/14.3.1/../../../../arm-none-eabi/lib/thumb/v7e-m+fp/hard/libc_nano.a(libc_a-errno.o)
 .ARM.attributes
                0x000005bf       0x34 /opt/st/stm32cubeide_2.2.0/plugins/com.st.stm32cube.ide.mcu.externaltools.gnu-tools-for-stm32.14.3.rel1.linux64_1.0.100.202602081740/tools/bin/../lib/gcc/arm-none-eabi/14.3.1/../../../../arm-none-eabi/lib/thumb/v7e-m+fp/hard/libc_nano.a(libc_a-init.o)
 .ARM.attributes
                0x000005f3       0x34 /opt/st/stm32cubeide_2.2.0/plugins/com.st.stm32cube.ide.mcu.externaltools.gnu-tools-for-stm32.14.3.rel1.linux64_1.0.100.202602081740/tools/bin/../lib/gcc/arm-none-eabi/14.3.1/../../../../arm-none-eabi/lib/thumb/v7e-m+fp/hard/libc_nano.a(libc_a-lock.o)
 .ARM.attributes
                0x00000627       0x20 /opt/st/stm32cubeide_2.2.0/plugins/com.st.stm32cube.ide.mcu.externaltools.gnu-tools-for-stm32.14.3.rel1.linux64_1.0.100.202602081740/tools/bin/../lib/gcc/arm-none-eabi/14.3.1/../../../../arm-none-eabi/lib/thumb/v7e-m+fp/hard/libc_nano.a(libc_a-strcmp.o)
 .ARM.attributes
                0x00000647       0x17 /opt/st/stm32cubeide_2.2.0/plugins/com.st.stm32cube.ide.mcu.externaltools.gnu-tools-for-stm32.14.3.rel1.linux64_1.0.100.202602081740/tools/bin/../lib/gcc/arm-none-eabi/14.3.1/../../../../arm-none-eabi/lib/thumb/v7e-m+fp/hard/libc_nano.a(libc_a-strlen.o)
 .ARM.attributes
                0x0000065e       0x34 /opt/st/stm32cubeide_2.2.0/plugins/com.st.stm32cube.ide.mcu.externaltools.gnu-tools-for-stm32.14.3.rel1.linux64_1.0.100.202602081740/tools/bin/../lib/gcc/arm-none-eabi/14.3.1/../../../../arm-none-eabi/lib/thumb/v7e-m+fp/hard/libc_nano.a(libc_a-freer.o)
 .ARM.attributes
                0x00000692       0x34 /opt/st/stm32cubeide_2.2.0/plugins/com.st.stm32cube.ide.mcu.externaltools.gnu-tools-for-stm32.14.3.rel1.linux64_1.0.100.202602081740/tools/bin/../lib/gcc/arm-none-eabi/14.3.1/../../../../arm-none-eabi/lib/thumb/v7e-m+fp/hard/libc_nano.a(libc_a-mallocr.o)
 .ARM.attributes
                0x000006c6       0x34 /opt/st/stm32cubeide_2.2.0/plugins/com.st.stm32cube.ide.mcu.externaltools.gnu-tools-for-stm32.14.3.rel1.linux64_1.0.100.202602081740/tools/bin/../lib/gcc/arm-none-eabi/14.3.1/../../../../arm-none-eabi/lib/thumb/v7e-m+fp/hard/libc_nano.a(libc_a-mlock.o)
 .ARM.attributes
                0x000006fa       0x34 /opt/st/stm32cubeide_2.2.0/plugins/com.st.stm32cube.ide.mcu.externaltools.gnu-tools-for-stm32.14.3.rel1.linux64_1.0.100.202602081740/tools/bin/../lib/gcc/arm-none-eabi/14.3.1/../../../../arm-none-eabi/lib/thumb/v7e-m+fp/hard/libc_nano.a(libc_a-nano-svfprintf.o)
 .ARM.attributes
                0x0000072e       0x34 /opt/st/stm32cubeide_2.2.0/plugins/com.st.stm32cube.ide.mcu.externaltools.gnu-tools-for-stm32.14.3.rel1.linux64_1.0.100.202602081740/tools/bin/../lib/gcc/arm-none-eabi/14.3.1/../../../../arm-none-eabi/lib/thumb/v7e-m+fp/hard/libc_nano.a(libc_a-nano-vfprintf_i.o)
 .ARM.attributes
                0x00000762       0x34 /opt/st/stm32cubeide_2.2.0/plugins/com.st.stm32cube.ide.mcu.externaltools.gnu-tools-for-stm32.14.3.rel1.linux64_1.0.100.202602081740/tools/bin/../lib/gcc/arm-none-eabi/14.3.1/../../../../arm-none-eabi/lib/thumb/v7e-m+fp/hard/libc_nano.a(libc_a-memmove.o)
 .ARM.attributes
                0x00000796       0x34 /opt/st/stm32cubeide_2.2.0/plugins/com.st.stm32cube.ide.mcu.externaltools.gnu-tools-for-stm32.14.3.rel1.linux64_1.0.100.202602081740/tools/bin/../lib/gcc/arm-none-eabi/14.3.1/../../../../arm-none-eabi/lib/thumb/v7e-m+fp/hard/libc_nano.a(libc_a-sbrkr.o)
 .ARM.attributes
                0x000007ca       0x1c /opt/st/stm32cubeide_2.2.0/plugins/com.st.stm32cube.ide.mcu.externaltools.gnu-tools-for-stm32.14.3.rel1.linux64_1.0.100.202602081740/tools/bin/../lib/gcc/arm-none-eabi/14.3.1/../../../../arm-none-eabi/lib/thumb/v7e-m+fp/hard/libc_nano.a(libc_a-memchr.o)
 .ARM.attributes
                0x000007e6       0x34 /opt/st/stm32cubeide_2.2.0/plugins/com.st.stm32cube.ide.mcu.externaltools.gnu-tools-for-stm32.14.3.rel1.linux64_1.0.100.202602081740/tools/bin/../lib/gcc/arm-none-eabi/14.3.1/../../../../arm-none-eabi/lib/thumb/v7e-m+fp/hard/libc_nano.a(libc_a-memcpy-stub.o)
 .ARM.attributes
                0x0000081a       0x34 /opt/st/stm32cubeide_2.2.0/plugins/com.st.stm32cube.ide.mcu.externaltools.gnu-tools-for-stm32.14.3.rel1.linux64_1.0.100.202602081740/tools/bin/../lib/gcc/arm-none-eabi/14.3.1/../../../../arm-none-eabi/lib/thumb/v7e-m+fp/hard/libc_nano.a(libc_a-reallocr.o)
 .ARM.attributes
                0x0000084e       0x34 /opt/st/stm32cubeide_2.2.0/plugins/com.st.stm32cube.ide.mcu.externaltools.gnu-tools-for-stm32.14.3.rel1.linux64_1.0.100.202602081740/tools/bin/../lib/gcc/arm-none-eabi/14.3.1/../../../../arm-none-eabi/lib/thumb/v7e-m+fp/hard/libc_nano.a(libc_a-msizer.o)
 .ARM.attributes
                0x00000882       0x22 /opt/st/stm32cubeide_2.2.0/plugins/com.st.stm32cube.ide.mcu.externaltools.gnu-tools-for-stm32.14.3.rel1.linux64_1.0.100.202602081740/tools/bin/../lib/gcc/arm-none-eabi/14.3.1/thumb/v7e-m+fp/hard/libgcc.a(_aeabi_uldivmod.o)
 .ARM.attributes
                0x000008a4       0x34 /opt/st/stm32cubeide_2.2.0/plugins/com.st.stm32cube.ide.mcu.externaltools.gnu-tools-for-stm32.14.3.rel1.linux64_1.0.100.202602081740/tools/bin/../lib/gcc/arm-none-eabi/14.3.1/thumb/v7e-m+fp/hard/libgcc.a(_udivmoddi4.o)
 .ARM.attributes
                0x000008d8       0x22 /opt/st/stm32cubeide_2.2.0/plugins/com.st.stm32cube.ide.mcu.externaltools.gnu-tools-for-stm32.14.3.rel1.linux64_1.0.100.202602081740/tools/bin/../lib/gcc/arm-none-eabi/14.3.1/thumb/v7e-m+fp/hard/libgcc.a(_dvmd_tls.o)
 .ARM.attributes
                0x000008fa       0x22 /opt/st/stm32cubeide_2.2.0/plugins/com.st.stm32cube.ide.mcu.externaltools.gnu-tools-for-stm32.14.3.rel1.linux64_1.0.100.202602081740/tools/bin/../lib/gcc/arm-none-eabi/14.3.1/thumb/v7e-m+fp/hard/crtn.o
OUTPUT(STM32L452.elf elf32-littlearm)
LOAD linker stubs
LOAD /opt/st/stm32cubeide_2.2.0/plugins/com.st.stm32cube.ide.mcu.externaltools.gnu-tools-for-stm32.14.3.rel1.linux64_1.0.100.202602081740/tools/bin/../lib/gcc/arm-none-eabi/14.3.1/../../../../arm-none-eabi/lib/thumb/v7e-m+fp/hard/libc.a
LOAD /opt/st/stm32cubeide_2.2.0/plugins/com.st.stm32cube.ide.mcu.externaltools.gnu-tools-for-stm32.14.3.rel1.linux64_1.0.100.202602081740/tools/bin/../lib/gcc/arm-none-eabi/14.3.1/../../../../arm-none-eabi/lib/thumb/v7e-m+fp/hard/libm.a
LOAD /opt/st/stm32cubeide_2.2.0/plugins/com.st.stm32cube.ide.mcu.externaltools.gnu-tools-for-stm32.14.3.rel1.linux64_1.0.100.202602081740/tools/bin/../lib/gcc/arm-none-eabi/14.3.1/thumb/v7e-m+fp/hard/libgcc.a

.debug_info     0x00000000     0x6d36
 .debug_info    0x00000000      0x95d ./Core/Src/adc.o
 .debug_info    0x0000095d      0x352 ./Core/Src/adc_monitor.o
 .debug_info    0x00000caf      0xb41 ./Core/Src/cli.o
 .debug_info    0x000017f0      0x669 ./Core/Src/clock.o
 .debug_info    0x00001e59      0x9a3 ./Core/Src/dma.o
 .debug_info    0x000027fc      0x3c1 ./Core/Src/fault_logger.o
 .debug_info    0x00002bbd      0x454 ./Core/Src/fault_manager.o
 .debug_info    0x00003011      0x203 ./Core/Src/heartbeat_monitor.o
 .debug_info    0x00003214      0x3eb ./Core/Src/led.o
 .debug_info    0x000035ff     0x1137 ./Core/Src/main.o
 .debug_info    0x00004736      0x44b ./Core/Src/memory_monitor.o
 .debug_info    0x00004b81      0x408 ./Core/Src/peripheral_monitor.o
 .debug_info    0x00004f89      0x4be ./Core/Src/ram_test.o
 .debug_info    0x00005447      0x3a0 ./Core/Src/reset_manager.o
 .debug_info    0x000057e7      0x171 ./Core/Src/stm32l4xx_it.o
 .debug_info    0x00005958      0x168 ./Core/Src/sysmem.o
 .debug_info    0x00005ac0      0x5fe ./Core/Src/system_stm32l4xx.o
 .debug_info    0x000060be      0x1ad ./Core/Src/system_time.o
 .debug_info    0x0000626b      0x51f ./Core/Src/usart.o
 .debug_info    0x0000678a      0x57c ./Core/Src/watchdog_manager.o
 .debug_info    0x00006d06       0x30 ./Core/Startup/startup_stm32l452retx.o

.debug_abbrev   0x00000000     0x1cf1
 .debug_abbrev  0x00000000      0x238 ./Core/Src/adc.o
 .debug_abbrev  0x00000238      0x129 ./Core/Src/adc_monitor.o
 .debug_abbrev  0x00000361      0x230 ./Core/Src/cli.o
 .debug_abbrev  0x00000591      0x19d ./Core/Src/clock.o
 .debug_abbrev  0x0000072e      0x20d ./Core/Src/dma.o
 .debug_abbrev  0x0000093b      0x123 ./Core/Src/fault_logger.o
 .debug_abbrev  0x00000a5e      0x179 ./Core/Src/fault_manager.o
 .debug_abbrev  0x00000bd7       0xee ./Core/Src/heartbeat_monitor.o
 .debug_abbrev  0x00000cc5      0x134 ./Core/Src/led.o
 .debug_abbrev  0x00000df9      0x1e5 ./Core/Src/main.o
 .debug_abbrev  0x00000fde      0x1d4 ./Core/Src/memory_monitor.o
 .debug_abbrev  0x000011b2      0x132 ./Core/Src/peripheral_monitor.o
 .debug_abbrev  0x000012e4      0x1cd ./Core/Src/ram_test.o
 .debug_abbrev  0x000014b1       0xed ./Core/Src/reset_manager.o
 .debug_abbrev  0x0000159e       0xaf ./Core/Src/stm32l4xx_it.o
 .debug_abbrev  0x0000164d       0xbc ./Core/Src/sysmem.o
 .debug_abbrev  0x00001709      0x117 ./Core/Src/system_stm32l4xx.o
 .debug_abbrev  0x00001820      0x148 ./Core/Src/system_time.o
 .debug_abbrev  0x00001968      0x196 ./Core/Src/usart.o
 .debug_abbrev  0x00001afe      0x1cf ./Core/Src/watchdog_manager.o
 .debug_abbrev  0x00001ccd       0x24 ./Core/Startup/startup_stm32l452retx.o

.debug_aranges  0x00000000      0x768
 .debug_aranges
                0x00000000       0xd0 ./Core/Src/adc.o
 .debug_aranges
                0x000000d0       0x60 ./Core/Src/adc_monitor.o
 .debug_aranges
                0x00000130       0x98 ./Core/Src/cli.o
 .debug_aranges
                0x000001c8       0x68 ./Core/Src/clock.o
 .debug_aranges
                0x00000230       0x58 ./Core/Src/dma.o
 .debug_aranges
                0x00000288       0x50 ./Core/Src/fault_logger.o
 .debug_aranges
                0x000002d8       0x60 ./Core/Src/fault_manager.o
 .debug_aranges
                0x00000338       0x58 ./Core/Src/heartbeat_monitor.o
 .debug_aranges
                0x00000390       0x48 ./Core/Src/led.o
 .debug_aranges
                0x000003d8       0x38 ./Core/Src/main.o
 .debug_aranges
                0x00000410       0x80 ./Core/Src/memory_monitor.o
 .debug_aranges
                0x00000490       0x50 ./Core/Src/peripheral_monitor.o
 .debug_aranges
                0x000004e0       0x78 ./Core/Src/ram_test.o
 .debug_aranges
                0x00000558       0x40 ./Core/Src/reset_manager.o
 .debug_aranges
                0x00000598       0x68 ./Core/Src/stm32l4xx_it.o
 .debug_aranges
                0x00000600       0x20 ./Core/Src/sysmem.o
 .debug_aranges
                0x00000620       0x28 ./Core/Src/system_stm32l4xx.o
 .debug_aranges
                0x00000648       0x40 ./Core/Src/system_time.o
 .debug_aranges
                0x00000688       0x48 ./Core/Src/usart.o
 .debug_aranges
                0x000006d0       0x70 ./Core/Src/watchdog_manager.o
 .debug_aranges
                0x00000740       0x28 ./Core/Startup/startup_stm32l452retx.o

.debug_rnglists
                0x00000000      0x553
 .debug_rnglists
                0x00000000       0x9c ./Core/Src/adc.o
 .debug_rnglists
                0x0000009c       0x45 ./Core/Src/adc_monitor.o
 .debug_rnglists
                0x000000e1       0x76 ./Core/Src/cli.o
 .debug_rnglists
                0x00000157       0x4c ./Core/Src/clock.o
 .debug_rnglists
                0x000001a3       0x3f ./Core/Src/dma.o
 .debug_rnglists
                0x000001e2       0x3b ./Core/Src/fault_logger.o
 .debug_rnglists
                0x0000021d       0x46 ./Core/Src/fault_manager.o
 .debug_rnglists
                0x00000263       0x3d ./Core/Src/heartbeat_monitor.o
 .debug_rnglists
                0x000002a0       0x32 ./Core/Src/led.o
 .debug_rnglists
                0x000002d2       0x27 ./Core/Src/main.o
 .debug_rnglists
                0x000002f9       0x5e ./Core/Src/memory_monitor.o
 .debug_rnglists
                0x00000357       0x38 ./Core/Src/peripheral_monitor.o
 .debug_rnglists
                0x0000038f       0x5a ./Core/Src/ram_test.o
 .debug_rnglists
                0x000003e9       0x2c ./Core/Src/reset_manager.o
 .debug_rnglists
                0x00000415       0x49 ./Core/Src/stm32l4xx_it.o
 .debug_rnglists
                0x0000045e       0x13 ./Core/Src/sysmem.o
 .debug_rnglists
                0x00000471       0x1a ./Core/Src/system_stm32l4xx.o
 .debug_rnglists
                0x0000048b       0x2b ./Core/Src/system_time.o
 .debug_rnglists
                0x000004b6       0x33 ./Core/Src/usart.o
 .debug_rnglists
                0x000004e9       0x51 ./Core/Src/watchdog_manager.o
 .debug_rnglists
                0x0000053a       0x19 ./Core/Startup/startup_stm32l452retx.o

.debug_macro    0x00000000    0x21c89
 .debug_macro   0x00000000      0x13b ./Core/Src/adc.o
 .debug_macro   0x0000013b      0xad8 ./Core/Src/adc.o
 .debug_macro   0x00000c13       0x22 ./Core/Src/adc.o
 .debug_macro   0x00000c35       0x8e ./Core/Src/adc.o
 .debug_macro   0x00000cc3       0x51 ./Core/Src/adc.o
 .debug_macro   0x00000d14      0x103 ./Core/Src/adc.o
 .debug_macro   0x00000e17       0x6a ./Core/Src/adc.o
 .debug_macro   0x00000e81      0x1df ./Core/Src/adc.o
 .debug_macro   0x00001060       0x28 ./Core/Src/adc.o
 .debug_macro   0x00001088       0x1c ./Core/Src/adc.o
 .debug_macro   0x000010a4       0x22 ./Core/Src/adc.o
 .debug_macro   0x000010c6       0xfb ./Core/Src/adc.o
 .debug_macro   0x000011c1     0x1011 ./Core/Src/adc.o
 .debug_macro   0x000021d2      0x11f ./Core/Src/adc.o
 .debug_macro   0x000022f1    0x16336 ./Core/Src/adc.o
 .debug_macro   0x00018627       0x89 ./Core/Src/adc_monitor.o
 .debug_macro   0x000186b0      0x1f0 ./Core/Src/cli.o
 .debug_macro   0x000188a0       0x61 ./Core/Src/cli.o
 .debug_macro   0x00018901       0x2a ./Core/Src/cli.o
 .debug_macro   0x0001892b       0x43 ./Core/Src/cli.o
 .debug_macro   0x0001896e       0x34 ./Core/Src/cli.o
 .debug_macro   0x000189a2      0x190 ./Core/Src/cli.o
 .debug_macro   0x00018b32      0x364 ./Core/Src/cli.o
 .debug_macro   0x00018e96       0x16 ./Core/Src/cli.o
 .debug_macro   0x00018eac       0x4a ./Core/Src/cli.o
 .debug_macro   0x00018ef6       0x34 ./Core/Src/cli.o
 .debug_macro   0x00018f2a       0x10 ./Core/Src/cli.o
 .debug_macro   0x00018f3a       0x58 ./Core/Src/cli.o
 .debug_macro   0x00018f92       0x8e ./Core/Src/cli.o
 .debug_macro   0x00019020       0x1c ./Core/Src/cli.o
 .debug_macro   0x0001903c      0x17e ./Core/Src/cli.o
 .debug_macro   0x000191ba       0x10 ./Core/Src/cli.o
 .debug_macro   0x000191ca       0x3c ./Core/Src/cli.o
 .debug_macro   0x00019206       0x20 ./Core/Src/cli.o
 .debug_macro   0x00019226       0x1c ./Core/Src/cli.o
 .debug_macro   0x00019242       0x10 ./Core/Src/cli.o
 .debug_macro   0x00019252       0x1c ./Core/Src/cli.o
 .debug_macro   0x0001926e       0x16 ./Core/Src/cli.o
 .debug_macro   0x00019284      0x146 ./Core/Src/cli.o
 .debug_macro   0x000193ca      0x105 ./Core/Src/clock.o
 .debug_macro   0x000194cf       0xdb ./Core/Src/dma.o
 .debug_macro   0x000195aa       0x7d ./Core/Src/fault_logger.o
 .debug_macro   0x00019627       0x8b ./Core/Src/fault_manager.o
 .debug_macro   0x000196b2       0x6d ./Core/Src/heartbeat_monitor.o
 .debug_macro   0x0001971f       0xf3 ./Core/Src/led.o
 .debug_macro   0x00019812      0x285 ./Core/Src/main.o
 .debug_macro   0x00019a97      0x1a1 ./Core/Src/main.o
 .debug_macro   0x00019c38       0x2e ./Core/Src/main.o
 .debug_macro   0x00019c66       0x6d ./Core/Src/main.o
 .debug_macro   0x00019cd3     0x38fb ./Core/Src/main.o
 .debug_macro   0x0001d5ce       0x5c ./Core/Src/main.o
 .debug_macro   0x0001d62a     0x13fa ./Core/Src/main.o
 .debug_macro   0x0001ea24      0x646 ./Core/Src/main.o
 .debug_macro   0x0001f06a      0x1b9 ./Core/Src/main.o
 .debug_macro   0x0001f223      0x168 ./Core/Src/main.o
 .debug_macro   0x0001f38b      0x2c4 ./Core/Src/main.o
 .debug_macro   0x0001f64f      0x27a ./Core/Src/main.o
 .debug_macro   0x0001f8c9      0x23d ./Core/Src/main.o
 .debug_macro   0x0001fb06      0x241 ./Core/Src/main.o
 .debug_macro   0x0001fd47      0x375 ./Core/Src/main.o
 .debug_macro   0x000200bc       0xd6 ./Core/Src/main.o
 .debug_macro   0x00020192      0x122 ./Core/Src/main.o
 .debug_macro   0x000202b4      0x364 ./Core/Src/main.o
 .debug_macro   0x00020618      0x5cf ./Core/Src/main.o
 .debug_macro   0x00020be7       0x44 ./Core/Src/main.o
 .debug_macro   0x00020c2b      0x2eb ./Core/Src/main.o
 .debug_macro   0x00020f16       0x58 ./Core/Src/main.o
 .debug_macro   0x00020f6e       0x10 ./Core/Src/main.o
 .debug_macro   0x00020f7e       0xdb ./Core/Src/memory_monitor.o
 .debug_macro   0x00021059       0xb3 ./Core/Src/peripheral_monitor.o
 .debug_macro   0x0002110c       0xd5 ./Core/Src/ram_test.o
 .debug_macro   0x000211e1       0xc9 ./Core/Src/reset_manager.o
 .debug_macro   0x000212aa      0x1f2 ./Core/Src/stm32l4xx_it.o
 .debug_macro   0x0002149c      0x116 ./Core/Src/sysmem.o
 .debug_macro   0x000215b2      0x23c ./Core/Src/sysmem.o
 .debug_macro   0x000217ee      0x1bb ./Core/Src/system_stm32l4xx.o
 .debug_macro   0x000219a9       0xdb ./Core/Src/system_time.o
 .debug_macro   0x00021a84      0x102 ./Core/Src/usart.o
 .debug_macro   0x00021b86      0x103 ./Core/Src/watchdog_manager.o

.debug_line     0x00000000     0x85b3
 .debug_line    0x00000000      0xa5e ./Core/Src/adc.o
 .debug_line    0x00000a5e      0x531 ./Core/Src/adc_monitor.o
 .debug_line    0x00000f8f      0xaf7 ./Core/Src/cli.o
 .debug_line    0x00001a86      0x733 ./Core/Src/clock.o
 .debug_line    0x000021b9      0x604 ./Core/Src/dma.o
 .debug_line    0x000027bd      0x540 ./Core/Src/fault_logger.o
 .debug_line    0x00002cfd      0x594 ./Core/Src/fault_manager.o
 .debug_line    0x00003291      0x485 ./Core/Src/heartbeat_monitor.o
 .debug_line    0x00003716      0x534 ./Core/Src/led.o
 .debug_line    0x00003c4a      0xb21 ./Core/Src/main.o
 .debug_line    0x0000476b      0x647 ./Core/Src/memory_monitor.o
 .debug_line    0x00004db2      0x544 ./Core/Src/peripheral_monitor.o
 .debug_line    0x000052f6      0x82c ./Core/Src/ram_test.o
 .debug_line    0x00005b22      0x4e8 ./Core/Src/reset_manager.o
 .debug_line    0x0000600a      0x76e ./Core/Src/stm32l4xx_it.o
 .debug_line    0x00006778      0x4c2 ./Core/Src/sysmem.o
 .debug_line    0x00006c3a      0x713 ./Core/Src/system_stm32l4xx.o
 .debug_line    0x0000734d      0x517 ./Core/Src/system_time.o
 .debug_line    0x00007864      0x64c ./Core/Src/usart.o
 .debug_line    0x00007eb0      0x689 ./Core/Src/watchdog_manager.o
 .debug_line    0x00008539       0x7a ./Core/Startup/startup_stm32l452retx.o

.debug_str      0x00000000    0xcf5d6
 .debug_str     0x00000000    0xcf5d6 ./Core/Src/adc.o
                              0x86fc5 (size before relaxing)
 .debug_str     0x000cf5d6     0x4170 ./Core/Src/adc_monitor.o
 .debug_str     0x000cf5d6     0x86c7 ./Core/Src/cli.o
 .debug_str     0x000cf5d6    0x86d5d ./Core/Src/clock.o
 .debug_str     0x000cf5d6    0x870bf ./Core/Src/dma.o
 .debug_str     0x000cf5d6     0x41ba ./Core/Src/fault_logger.o
 .debug_str     0x000cf5d6     0x428b ./Core/Src/fault_manager.o
 .debug_str     0x000cf5d6     0x3f9a ./Core/Src/heartbeat_monitor.o
 .debug_str     0x000cf5d6    0x86b1b ./Core/Src/led.o
 .debug_str     0x000cf5d6    0xc9dae ./Core/Src/main.o
 .debug_str     0x000cf5d6    0x86c75 ./Core/Src/memory_monitor.o
 .debug_str     0x000cf5d6     0x447d ./Core/Src/peripheral_monitor.o
 .debug_str     0x000cf5d6    0x86be6 ./Core/Src/ram_test.o
 .debug_str     0x000cf5d6    0x86ba5 ./Core/Src/reset_manager.o
 .debug_str     0x000cf5d6    0xc84d0 ./Core/Src/stm32l4xx_it.o
 .debug_str     0x000cf5d6     0x76f8 ./Core/Src/sysmem.o
 .debug_str     0x000cf5d6    0xc84bc ./Core/Src/system_stm32l4xx.o
 .debug_str     0x000cf5d6    0x86a16 ./Core/Src/system_time.o
 .debug_str     0x000cf5d6    0x86f55 ./Core/Src/usart.o
 .debug_str     0x000cf5d6    0x86e04 ./Core/Src/watchdog_manager.o
 .debug_str     0x000cf5d6       0x70 ./Core/Startup/startup_stm32l452retx.o

.comment        0x00000000       0x43
 .comment       0x00000000       0x43 ./Core/Src/adc.o
                                 0x44 (size before relaxing)
 .comment       0x00000043       0x44 ./Core/Src/adc_monitor.o
 .comment       0x00000043       0x44 ./Core/Src/cli.o
 .comment       0x00000043       0x44 ./Core/Src/clock.o
 .comment       0x00000043       0x44 ./Core/Src/dma.o
 .comment       0x00000043       0x44 ./Core/Src/fault_logger.o
 .comment       0x00000043       0x44 ./Core/Src/fault_manager.o
 .comment       0x00000043       0x44 ./Core/Src/heartbeat_monitor.o
 .comment       0x00000043       0x44 ./Core/Src/led.o
 .comment       0x00000043       0x44 ./Core/Src/main.o
 .comment       0x00000043       0x44 ./Core/Src/memory_monitor.o
 .comment       0x00000043       0x44 ./Core/Src/peripheral_monitor.o
 .comment       0x00000043       0x44 ./Core/Src/ram_test.o
 .comment       0x00000043       0x44 ./Core/Src/reset_manager.o
 .comment       0x00000043       0x44 ./Core/Src/stm32l4xx_it.o
 .comment       0x00000043       0x44 ./Core/Src/sysmem.o
 .comment       0x00000043       0x44 ./Core/Src/system_stm32l4xx.o
 .comment       0x00000043       0x44 ./Core/Src/system_time.o
 .comment       0x00000043       0x44 ./Core/Src/usart.o
 .comment       0x00000043       0x44 ./Core/Src/watchdog_manager.o

.debug_frame    0x00000000     0x1d28
 .debug_frame   0x00000000      0x30c ./Core/Src/adc.o
 .debug_frame   0x0000030c      0x124 ./Core/Src/adc_monitor.o
 .debug_frame   0x00000430      0x23c ./Core/Src/cli.o
 .debug_frame   0x0000066c      0x158 ./Core/Src/clock.o
 .debug_frame   0x000007c4      0x100 ./Core/Src/dma.o
 .debug_frame   0x000008c4      0x104 ./Core/Src/fault_logger.o
 .debug_frame   0x000009c8      0x150 ./Core/Src/fault_manager.o
 .debug_frame   0x00000b18      0x100 ./Core/Src/heartbeat_monitor.o
 .debug_frame   0x00000c18       0xb8 ./Core/Src/led.o
 .debug_frame   0x00000cd0       0x88 ./Core/Src/main.o
 .debug_frame   0x00000d58      0x1b4 ./Core/Src/memory_monitor.o
 .debug_frame   0x00000f0c       0xdc ./Core/Src/peripheral_monitor.o
 .debug_frame   0x00000fe8      0x198 ./Core/Src/ram_test.o
 .debug_frame   0x00001180       0x9c ./Core/Src/reset_manager.o
 .debug_frame   0x0000121c      0x114 ./Core/Src/stm32l4xx_it.o
 .debug_frame   0x00001330       0x34 ./Core/Src/sysmem.o
 .debug_frame   0x00001364       0x50 ./Core/Src/system_stm32l4xx.o
 .debug_frame   0x000013b4       0xa4 ./Core/Src/system_time.o
 .debug_frame   0x00001458       0xd8 ./Core/Src/usart.o
 .debug_frame   0x00001530      0x178 ./Core/Src/watchdog_manager.o
 .debug_frame   0x000016a8      0x144 /opt/st/stm32cubeide_2.2.0/plugins/com.st.stm32cube.ide.mcu.externaltools.gnu-tools-for-stm32.14.3.rel1.linux64_1.0.100.202602081740/tools/bin/../lib/gcc/arm-none-eabi/14.3.1/../../../../arm-none-eabi/lib/thumb/v7e-m+fp/hard/libc_nano.a(libc_a-findfp.o)
 .debug_frame   0x000017ec       0x7c /opt/st/stm32cubeide_2.2.0/plugins/com.st.stm32cube.ide.mcu.externaltools.gnu-tools-for-stm32.14.3.rel1.linux64_1.0.100.202602081740/tools/bin/../lib/gcc/arm-none-eabi/14.3.1/../../../../arm-none-eabi/lib/thumb/v7e-m+fp/hard/libc_nano.a(libc_a-snprintf.o)
 .debug_frame   0x00001868       0x20 /opt/st/stm32cubeide_2.2.0/plugins/com.st.stm32cube.ide.mcu.externaltools.gnu-tools-for-stm32.14.3.rel1.linux64_1.0.100.202602081740/tools/bin/../lib/gcc/arm-none-eabi/14.3.1/../../../../arm-none-eabi/lib/thumb/v7e-m+fp/hard/libc_nano.a(libc_a-memset.o)
 .debug_frame   0x00001888       0x38 /opt/st/stm32cubeide_2.2.0/plugins/com.st.stm32cube.ide.mcu.externaltools.gnu-tools-for-stm32.14.3.rel1.linux64_1.0.100.202602081740/tools/bin/../lib/gcc/arm-none-eabi/14.3.1/../../../../arm-none-eabi/lib/thumb/v7e-m+fp/hard/libc_nano.a(libc_a-reent.o)
 .debug_frame   0x000018c0       0x20 /opt/st/stm32cubeide_2.2.0/plugins/com.st.stm32cube.ide.mcu.externaltools.gnu-tools-for-stm32.14.3.rel1.linux64_1.0.100.202602081740/tools/bin/../lib/gcc/arm-none-eabi/14.3.1/../../../../arm-none-eabi/lib/thumb/v7e-m+fp/hard/libc_nano.a(libc_a-errno.o)
 .debug_frame   0x000018e0       0x2c /opt/st/stm32cubeide_2.2.0/plugins/com.st.stm32cube.ide.mcu.externaltools.gnu-tools-for-stm32.14.3.rel1.linux64_1.0.100.202602081740/tools/bin/../lib/gcc/arm-none-eabi/14.3.1/../../../../arm-none-eabi/lib/thumb/v7e-m+fp/hard/libc_nano.a(libc_a-init.o)
 .debug_frame   0x0000190c       0xb0 /opt/st/stm32cubeide_2.2.0/plugins/com.st.stm32cube.ide.mcu.externaltools.gnu-tools-for-stm32.14.3.rel1.linux64_1.0.100.202602081740/tools/bin/../lib/gcc/arm-none-eabi/14.3.1/../../../../arm-none-eabi/lib/thumb/v7e-m+fp/hard/libc_nano.a(libc_a-lock.o)
 .debug_frame   0x000019bc       0x20 /opt/st/stm32cubeide_2.2.0/plugins/com.st.stm32cube.ide.mcu.externaltools.gnu-tools-for-stm32.14.3.rel1.linux64_1.0.100.202602081740/tools/bin/../lib/gcc/arm-none-eabi/14.3.1/../../../../arm-none-eabi/lib/thumb/v7e-m+fp/hard/libc_nano.a(libc_a-strcmp.o)
 .debug_frame   0x000019dc       0x20 /opt/st/stm32cubeide_2.2.0/plugins/com.st.stm32cube.ide.mcu.externaltools.gnu-tools-for-stm32.14.3.rel1.linux64_1.0.100.202602081740/tools/bin/../lib/gcc/arm-none-eabi/14.3.1/../../../../arm-none-eabi/lib/thumb/v7e-m+fp/hard/libc_nano.a(libc_a-strlen.o)
 .debug_frame   0x000019fc       0x38 /opt/st/stm32cubeide_2.2.0/plugins/com.st.stm32cube.ide.mcu.externaltools.gnu-tools-for-stm32.14.3.rel1.linux64_1.0.100.202602081740/tools/bin/../lib/gcc/arm-none-eabi/14.3.1/../../../../arm-none-eabi/lib/thumb/v7e-m+fp/hard/libc_nano.a(libc_a-freer.o)
 .debug_frame   0x00001a34       0x50 /opt/st/stm32cubeide_2.2.0/plugins/com.st.stm32cube.ide.mcu.externaltools.gnu-tools-for-stm32.14.3.rel1.linux64_1.0.100.202602081740/tools/bin/../lib/gcc/arm-none-eabi/14.3.1/../../../../arm-none-eabi/lib/thumb/v7e-m+fp/hard/libc_nano.a(libc_a-mallocr.o)
 .debug_frame   0x00001a84       0x30 /opt/st/stm32cubeide_2.2.0/plugins/com.st.stm32cube.ide.mcu.externaltools.gnu-tools-for-stm32.14.3.rel1.linux64_1.0.100.202602081740/tools/bin/../lib/gcc/arm-none-eabi/14.3.1/../../../../arm-none-eabi/lib/thumb/v7e-m+fp/hard/libc_nano.a(libc_a-mlock.o)