../Core/Src/adc.c:92:13:adc_internal_startup_delay	16	static,ignoring_inline_asm
../Core/Src/adc.c:105:21:adc_enable_clock	4	static
../Core/Src/adc.c:131:21:adc_config_gpio	4	static
../Core/Src/adc.c:178:21:adc_exit_deep_power_down	4	static
../Core/Src/adc.c:190:21:adc_enable_voltage_regulator	16	static,ignoring_inline_asm
../Core/Src/adc.c:216:21:adc_calibrate	16	static
../Core/Src/adc.c:265:21:adc_config_common	8	static
../Core/Src/adc.c:312:21:adc_enable	16	static
../Core/Src/adc.c:352:21:adc_config_channel	24	static
../Core/Src/adc.c:415:21:adc_start_conversion	24	static
../Core/Src/adc.c:473:14:adc_init	16	static
../Core/Src/adc.c:594:14:adc_read_external	24	static
../Core/Src/adc.c:616:14:adc_read_vrefint	24	static
../Core/Src/adc.c:638:14:adc_read_temperature	24	static
../Core/Src/adc.c:655:14:adc_configure_vrefint_dma	4	static
../Core/Src/adc.c:737:14:adc_configure_internal_channels_dma	4	static
../Core/Src/adc.c:881:14:adc_read_vbat	24	static
../Core/Src/adc.c:905:10:adc_raw_to_millivolts	16	static
../Core/Src/adc.c:920:10:adc_vrefint_to_vdda_mv	16	static
../Core/Src/adc.c:945:9:adc_temperature_from_raw	24	static
../Core/Src/adc.c:992:10:adc_vbat_to_mv	24	static
../Core/Src/adc.c:1010:10:adc_get_last_value	4	static
../Core/Src/adc.c:1020:14:adc_health_check	4	static
