../Core/Src/memory_monitor.c:52:10:memory_monitor_get_msp	16	static,ignoring_inline_asm
../Core/Src/memory_monitor.c:64:9:memory_monitor_stack_overflow	16	static,ignoring_inline_asm
../Core/Src/memory_monitor.c:85:25:memory_monitor_init	16	static
../Core/Src/memory_monitor.c:114:25:memory_monitor_update	32	static
../Core/Src/memory_monitor.c:215:25:memory_monitor_get_info	32	static
../Core/Src/memory_monitor.c:309:25:memory_monitor_health_check	24	static
../Core/Src/memory_monitor.c:383:10:memory_monitor_get_stack_pointer	8	static
../Core/Src/memory_monitor.c:393:10:memory_monitor_get_stack_available	24	static
../Core/Src/memory_monitor.c:427:10:memory_monitor_get_ram_size	4	static
../Core/Src/memory_monitor.c:437:10:memory_monitor_get_ram_start	4	static
../Core/Src/memory_monitor.c:447:10:memory_monitor_get_ram_end	4	static
../Core/Src/memory_monitor.c:457:9:memory_monitor_fault_active	4	static
../Core/Src/memory_monitor.c:467:6:memory_monitor_clear_fault	4	static
